******************************************************************************
                  MSP430 Linker PC v21.6.0                     
******************************************************************************
>> Linked Sat Aug  5 20:31:42 2023

OUTPUT FILE NAME:   <F_2017_6638.out>
ENTRY POINT SYMBOL: "_c_int00_noargs"  address: 0000a14a


MEMORY CONFIGURATION

         name            origin    length      used     unused   attr    fill
----------------------  --------  ---------  --------  --------  ----  --------
  SFR                   00000000   00000010  00000000  00000010  RWIX
  PERIPHERALS_8BIT      00000010   000000f0  00000000  000000f0  RWIX
  PERIPHERALS_16BIT     00000100   00000100  00000000  00000100  RWIX
  INFOD                 00001800   00000080  00000000  00000080  RWIX
  INFOC                 00001880   00000080  00000000  00000080  RWIX
  INFOB                 00001900   00000080  00000000  00000080  RWIX
  INFOA                 00001980   00000080  00000000  00000080  RWIX
  USBRAM                00001c00   00000800  00000000  00000800  RWIX
  RAM                   00002400   00004000  00000206  00003dfa  RWIX
  FLASH                 00008000   00007f80  0000252c  00005a54  RWIX
  INT00                 0000ff80   00000002  00000000  00000002  RWIX
  INT01                 0000ff82   00000002  00000000  00000002  RWIX
  INT02                 0000ff84   00000002  00000000  00000002  RWIX
  INT03                 0000ff86   00000002  00000000  00000002  RWIX
  INT04                 0000ff88   00000002  00000000  00000002  RWIX
  INT05                 0000ff8a   00000002  00000000  00000002  RWIX
  INT06                 0000ff8c   00000002  00000000  00000002  RWIX
  INT07                 0000ff8e   00000002  00000000  00000002  RWIX
  INT08                 0000ff90   00000002  00000000  00000002  RWIX
  INT09                 0000ff92   00000002  00000000  00000002  RWIX
  INT10                 0000ff94   00000002  00000000  00000002  RWIX
  INT11                 0000ff96   00000002  00000000  00000002  RWIX
  INT12                 0000ff98   00000002  00000000  00000002  RWIX
  INT13                 0000ff9a   00000002  00000000  00000002  RWIX
  INT14                 0000ff9c   00000002  00000000  00000002  RWIX
  INT15                 0000ff9e   00000002  00000000  00000002  RWIX
  INT16                 0000ffa0   00000002  00000000  00000002  RWIX
  INT17                 0000ffa2   00000002  00000000  00000002  RWIX
  INT18                 0000ffa4   00000002  00000000  00000002  RWIX
  INT19                 0000ffa6   00000002  00000000  00000002  RWIX
  INT20                 0000ffa8   00000002  00000000  00000002  RWIX
  INT21                 0000ffaa   00000002  00000000  00000002  RWIX
  INT22                 0000ffac   00000002  00000000  00000002  RWIX
  INT23                 0000ffae   00000002  00000000  00000002  RWIX
  INT24                 0000ffb0   00000002  00000000  00000002  RWIX
  INT25                 0000ffb2   00000002  00000000  00000002  RWIX
  INT26                 0000ffb4   00000002  00000000  00000002  RWIX
  INT27                 0000ffb6   00000002  00000000  00000002  RWIX
  INT28                 0000ffb8   00000002  00000000  00000002  RWIX
  INT29                 0000ffba   00000002  00000000  00000002  RWIX
  INT30                 0000ffbc   00000002  00000000  00000002  RWIX
  INT31                 0000ffbe   00000002  00000000  00000002  RWIX
  INT32                 0000ffc0   00000002  00000000  00000002  RWIX
  INT33                 0000ffc2   00000002  00000000  00000002  RWIX
  INT34                 0000ffc4   00000002  00000000  00000002  RWIX
  INT35                 0000ffc6   00000002  00000000  00000002  RWIX
  INT36                 0000ffc8   00000002  00000000  00000002  RWIX
  INT37                 0000ffca   00000002  00000002  00000000  RWIX
  INT38                 0000ffcc   00000002  00000002  00000000  RWIX
  INT39                 0000ffce   00000002  00000002  00000000  RWIX
  INT40                 0000ffd0   00000002  00000002  00000000  RWIX
  INT41                 0000ffd2   00000002  00000002  00000000  RWIX
  INT42                 0000ffd4   00000002  00000002  00000000  RWIX
  INT43                 0000ffd6   00000002  00000002  00000000  RWIX
  INT44                 0000ffd8   00000002  00000002  00000000  RWIX
  INT45                 0000ffda   00000002  00000002  00000000  RWIX
  INT46                 0000ffdc   00000002  00000002  00000000  RWIX
  INT47                 0000ffde   00000002  00000002  00000000  RWIX
  INT48                 0000ffe0   00000002  00000002  00000000  RWIX
  INT49                 0000ffe2   00000002  00000002  00000000  RWIX
  INT50                 0000ffe4   00000002  00000002  00000000  RWIX
  INT51                 0000ffe6   00000002  00000002  00000000  RWIX
  INT52                 0000ffe8   00000002  00000002  00000000  RWIX
  INT53                 0000ffea   00000002  00000002  00000000  RWIX
  INT54                 0000ffec   00000002  00000002  00000000  RWIX
  INT55                 0000ffee   00000002  00000002  00000000  RWIX
  INT56                 0000fff0   00000002  00000002  00000000  RWIX
  INT57                 0000fff2   00000002  00000002  00000000  RWIX
  INT58                 0000fff4   00000002  00000002  00000000  RWIX
  INT59                 0000fff6   00000002  00000002  00000000  RWIX
  INT60                 0000fff8   00000002  00000002  00000000  RWIX
  INT61                 0000fffa   00000002  00000002  00000000  RWIX
  INT62                 0000fffc   00000002  00000002  00000000  RWIX
  RESET                 0000fffe   00000002  00000002  00000000  RWIX
  FLASH2                00010000   00037ff8  000068e8  00031710  RWIX


SECTION ALLOCATION MAP

 output                                  attributes/
section   page    origin      length       input sections
--------  ----  ----------  ----------   ----------------
.data      0    00002400    00000166     UNINITIALIZED
                  00002400    000000c8     rts430x_lc_rd_eabi.lib : defs.c.obj (.data:_ftable)
                  000024c8    0000004e     main.obj (.data)
                  00002516    00000020     ADS1118.obj (.data:control_num_1118)
                  00002536    00000020     ADS1118.obj (.data:data)
                  00002556    00000004     ADS1118.obj (.data)
                  0000255a    00000004     rts430x_lc_rd_eabi.lib : _lock.c.obj (.data:_lock)
                  0000255e    00000004                            : _lock.c.obj (.data:_unlock)
                  00002562    00000002                            : errno.c.obj (.data)
                  00002564    00000002     main.obj (.data:str)

.stack     0    00006360    000000a0     UNINITIALIZED
                  00006360    00000004     rts430x_lc_rd_eabi.lib : boot.c.obj (.stack)
                  00006364    0000009c     --HOLE--

.text:_isr 
*          0    00008000    0000216e     
                  00008000    0000214a     main.obj (.text:_isr:USCI_A0_ISR)
                  0000a14a    0000001c     rts430x_lc_rd_eabi.lib : boot.c.obj (.text:_isr:_c_int00_noargs)
                  0000a166    00000008                            : isr_trap.asm.obj (.text:_isr:__TI_ISR_TRAP)

.cinit     0    0000a4de    0000004e     
                  0000a4de    0000003e     (.cinit..data.load) [load image, compression = lzss]
                  0000a51c    00000008     (__TI_handler_table)
                  0000a524    00000008     (__TI_cinit_table)

.binit     0    00008000    00000000     

.init_array 
*          0    00008000    00000000     UNINITIALIZED

.const     0    0000a16e    00000370     
                  0000a16e    00000108     rts430x_lc_rd_eabi.lib : k_rem_pio2.c.obj (.const:ipio2)
                  0000a276    00000101                            : ctype.c.obj (.const:.string:_ctypes_)
                  0000a377    00000001     --HOLE-- [fill = 0]
                  0000a378    000000f8     main.obj (.const:.string)
                  0000a470    00000040     rts430x_lc_rd_eabi.lib : k_rem_pio2.c.obj (.const:PIo2)
                  0000a4b0    00000026                            : _printfi.c.obj (.const:.string)
                  0000a4d6    00000008                            : k_rem_pio2.c.obj (.const:init_jk)

PORT4      0    0000ffca    00000002     
                  0000ffca    00000002     rts430x_lc_rd_eabi.lib : int37.asm.obj (.int37)

PORT3      0    0000ffcc    00000002     
                  0000ffcc    00000002     rts430x_lc_rd_eabi.lib : int38.asm.obj (.int38)

TIMER2_A1 
*          0    0000ffce    00000002     
                  0000ffce    00000002     rts430x_lc_rd_eabi.lib : int39.asm.obj (.int39)

TIMER2_A0 
*          0    0000ffd0    00000002     
                  0000ffd0    00000002     rts430x_lc_rd_eabi.lib : int40.asm.obj (.int40)

DAC12      0    0000ffd2    00000002     
                  0000ffd2    00000002     rts430x_lc_rd_eabi.lib : int41.asm.obj (.int41)

RTC        0    0000ffd4    00000002     
                  0000ffd4    00000002     rts430x_lc_rd_eabi.lib : int42.asm.obj (.int42)

LCD_B      0    0000ffd6    00000002     
                  0000ffd6    00000002     rts430x_lc_rd_eabi.lib : int43.asm.obj (.int43)

PORT2      0    0000ffd8    00000002     
                  0000ffd8    00000002     rts430x_lc_rd_eabi.lib : int44.asm.obj (.int44)

USCI_B1    0    0000ffda    00000002     
                  0000ffda    00000002     rts430x_lc_rd_eabi.lib : int45.asm.obj (.int45)

USCI_A1    0    0000ffdc    00000002     
                  0000ffdc    00000002     rts430x_lc_rd_eabi.lib : int46.asm.obj (.int46)

PORT1      0    0000ffde    00000002     
                  0000ffde    00000002     rts430x_lc_rd_eabi.lib : int47.asm.obj (.int47)

TIMER1_A1 
*          0    0000ffe0    00000002     
                  0000ffe0    00000002     rts430x_lc_rd_eabi.lib : int48.asm.obj (.int48)

TIMER1_A0 
*          0    0000ffe2    00000002     
                  0000ffe2    00000002     rts430x_lc_rd_eabi.lib : int49.asm.obj (.int49)

DMA        0    0000ffe4    00000002     
                  0000ffe4    00000002     rts430x_lc_rd_eabi.lib : int50.asm.obj (.int50)

USB_UBM    0    0000ffe6    00000002     
                  0000ffe6    00000002     rts430x_lc_rd_eabi.lib : int51.asm.obj (.int51)

TIMER0_A1 
*          0    0000ffe8    00000002     
                  0000ffe8    00000002     rts430x_lc_rd_eabi.lib : int52.asm.obj (.int52)

TIMER0_A0 
*          0    0000ffea    00000002     
                  0000ffea    00000002     rts430x_lc_rd_eabi.lib : int53.asm.obj (.int53)

ADC12      0    0000ffec    00000002     
                  0000ffec    00000002     rts430x_lc_rd_eabi.lib : int54.asm.obj (.int54)

USCI_B0    0    0000ffee    00000002     
                  0000ffee    00000002     rts430x_lc_rd_eabi.lib : int55.asm.obj (.int55)

USCI_A0    0    0000fff0    00000002     
                  0000fff0    00000002     main.obj (.int56)

WDT        0    0000fff2    00000002     
                  0000fff2    00000002     rts430x_lc_rd_eabi.lib : int57.asm.obj (.int57)

TIMER0_B1 
*          0    0000fff4    00000002     
                  0000fff4    00000002     rts430x_lc_rd_eabi.lib : int58.asm.obj (.int58)

TIMER0_B0 
*          0    0000fff6    00000002     
                  0000fff6    00000002     rts430x_lc_rd_eabi.lib : int59.asm.obj (.int59)

COMP_B     0    0000fff8    00000002     
                  0000fff8    00000002     rts430x_lc_rd_eabi.lib : int60.asm.obj (.int60)

UNMI       0    0000fffa    00000002     
                  0000fffa    00000002     rts430x_lc_rd_eabi.lib : int61.asm.obj (.int61)

SYSNMI     0    0000fffc    00000002     
                  0000fffc    00000002     rts430x_lc_rd_eabi.lib : int62.asm.obj (.int62)

.reset     0    0000fffe    00000002     
                  0000fffe    00000002     rts430x_lc_rd_eabi.lib : boot.c.obj (.reset)

.text      0    00010000    000068e8     
                  00010000    00000db6     rts430x_lc_rd_eabi.lib : k_rem_pio2.c.obj (.text:__kernel_rem_pio2)
                  00010db6    000008d8                            : s_sin.c.obj (.text:sin)
                  0001168e    000008d2                            : s_cos.c.obj (.text:cos)
                  00011f60    0000072a                            : addd.c.obj (.text:__mspabi_addd)
                  0001268a    00000466                            : frcdivd.c.obj (.text:__TI_frcdivd)
                  00012af0    0000034e                            : div64u.c.obj (.text:__mspabi_divull)
                  00012e3e    000002a8                            : k_sin.c.obj (.text:__kernel_sin)
                  000130e6    000002a6                            : _printfi.c.obj (.text:__TI_printfi:__TI_printfi)
                  0001338c    00000298                            : mpyd.c.obj (.text:__mspabi_mpyd)
                  00013624    0000027a                            : _printfi.c.obj (.text:__TI_printfi:_setfield___TI_printfi)
                  0001389e    00000268                            : _printfi.c.obj (.text:_pproc_fgea)
                  00013b06    00000264                            : k_cos.c.obj (.text:__kernel_cos)
                  00013d6a    00000224                            : _printfi.c.obj (.text:acvt)
                  00013f8e    00000222                            : divd.c.obj (.text:__mspabi_divd)
                  000141b0    0000020c                            : _printfi.c.obj (.text:__TI_printfi:_getarg_diouxp___TI_printfi)
                  000143bc    000001e6                            : _printfi.c.obj (.text:ecvt)
                  000145a2    000001c8                            : _printfi.c.obj (.text:fcvt)
                  0001476a    000001c4                            : s_floor.c.obj (.text:floor)
                  0001492e    000001a2                            : _printfi.c.obj (.text:_pconv_e)
                  00014ad0    00000170                            : _printfi.c.obj (.text:_pconv_a)
                  00014c40    00000164                            : frcmpyd.c.obj (.text:__TI_frcmpyd)
                  00014da4    0000015a     AD9910.obj (.text:AD9910_SetFreAndAmp)
                  00014efe    0000015a     rts430x_lc_rd_eabi.lib : s_scalbn.c.obj (.text:scalbn)
                  00015058    00000148                            : _printfi.c.obj (.text:__TI_printfi:_pproc_diouxp___TI_printfi)
                  000151a0    00000128                            : _printfi.c.obj (.text:__TI_printfi:_ltostr___TI_printfi)
                  000152c8    00000106                            : s_round.c.obj (.text:round)
                  000153ce    000000fc                            : _printfi.c.obj (.text:_pconv_g)
                  000154ca    000000ea                            : _printfi.c.obj (.text:__TI_printfi:_pproc_fwp___TI_printfi)
                  000155b4    000000e6     AD9910.obj (.text:AD9910_Send64Bit)
                  0001569a    000000d8     rts430x_lc_rd_eabi.lib : cmpd.c.obj (.text:__mspabi_cmpd)
                  00015772    000000c8                            : _printfi.c.obj (.text:__TI_printfi:_pproc_wstr___TI_printfi)
                  0001583a    000000c2     setclock.obj (.text:SetVCoreUp)
                  000158fc    000000ae     ADS1118.obj (.text:ADS1118_write_read)
                  000159aa    000000a6     rts430x_lc_rd_eabi.lib : _printfi.c.obj (.text:__TI_printfi:_pproc_str___TI_printfi)
                  00015a50    000000a6                            : s_frexp.c.obj (.text:frexp)
                  00015af6    0000009e                            : fltlid.c.obj (.text:__mspabi_fltlid)
                  00015b94    0000009a     AD9910.obj (.text:AD9910_GPIO_INIT_F6638)
                  00015c2e    00000096     AD9910.obj (.text:AD9910_Send32Bit)
                  00015cc4    00000090     rts430x_lc_rd_eabi.lib : _printfi.c.obj (.text:_ecpy)
                  00015d54    00000090                            : _printfi.c.obj (.text:_mcpy)
                  00015de4    00000086     main.obj (.text:main)
                  00015e6a    00000080     rts430x_lc_rd_eabi.lib : _ltoa.c.obj (.text:__TI_ltoa)
                  00015eea    00000078                            : _printfi.c.obj (.text:_pconv_f)
                  00015f62    00000076                            : copy_decompress_lzss.c.obj (.text:decompress:lzss:__TI_decompress_lzss)
                  00015fd8    00000068                            : fixdul.c.obj (.text:__mspabi_fixdul)
                  00016040    00000066                            : fixdli.c.obj (.text:__mspabi_fixdli)
                  000160a6    00000062                            : atoi.c.obj (.text:atoi)
                  00016108    00000060     main.obj (.text:init_uart)
                  00016168    0000005c     rts430x_lc_rd_eabi.lib : mult64_f5hw.asm.obj (.text:__mpyll)
                  000161c4    00000058                            : div32u.asm.obj (.text)
                  0001621c    00000054     AD9910.obj (.text:AD9910_Init_F6638)
                  00016270    00000054     setclock.obj (.text:SetClock_MCLK12MHZ_SMCLK12MHZ_ACLK32_768K)
                  000162c4    00000054     rts430x_lc_rd_eabi.lib : autoinit.c.obj (.text:__TI_auto_init_nobinit_nopinit_hold_wdt:__TI_auto_init_nobinit_nopinit_hold_wdt)
                  00016318    0000004e                            : _printfi.c.obj (.text:_fcpy)
                  00016366    0000004a                            : printf.c.obj (.text:printf)
                  000163b0    00000040                            : asr64.c.obj (.text:__mspabi_srall)
                  000163f0    00000040                            : div32s.asm.obj (.text)
                  00016430    0000003e     AD9910.obj (.text:AD9910_SendBytes)
                  0001646e    0000003e     rts430x_lc_rd_eabi.lib : asr32.asm.obj (.text:l_asr_const)
                  000164ac    0000003e                            : lsl32.asm.obj (.text:l_lsl_const)
                  000164ea    0000003e                            : lsr32.asm.obj (.text:l_lsr_const)
                  00016528    0000003a                            : lsl64.c.obj (.text:__mspabi_sllll)
                  00016562    0000003a                            : lsr64.c.obj (.text:__mspabi_srlll)
                  0001659c    00000036     setclock.obj (.text:SetVCore)
                  000165d2    00000032     rts430x_lc_rd_eabi.lib : subd.c.obj (.text:__mspabi_subd)
                  00016604    0000002e                            : negd.c.obj (.text:__mspabi_negd)
                  00016632    0000002e                            : s_copysign.c.obj (.text:copysign)
                  00016660    0000002c                            : mult3264_f5hw.asm.obj (.text:__mpyull)
                  0001668c    0000002c                            : div16s.asm.obj (.text)
                  000166b8    00000028                            : fixdi.c.obj (.text:__mspabi_fixdi)
                  000166e0    00000026     main.obj (.text:fputs)
                  00016706    00000026     rts430x_lc_rd_eabi.lib : memccpy.c.obj (.text:memccpy)
                  0001672c    00000024                            : mult32_f5hw.asm.obj (.text)
                  00016750    00000022     ADS1118.obj (.text:ADS1118_Init)
                  00016772    0000001e     TLV5638.obj (.text:TLV5638_Init)
                  00016790    0000001c     rts430x_lc_rd_eabi.lib : strchr.c.obj (.text:strchr)
                  000167ac    00000018                            : mult16_f5hw.asm.obj (.text)
                  000167c4    00000016                            : memset.c.obj (.text:memset)
                  000167da    00000016                            : div16u.asm.obj (.text)
                  000167f0    00000016     main.obj (.text:send_end)
                  00016806    00000016     rts430x_lc_rd_eabi.lib : wcslen.c.obj (.text:wcslen)
                  0001681c    00000014                            : memcpy.c.obj (.text:memcpy)
                  00016830    00000012                            : fixdu.c.obj (.text:__mspabi_fixdu)
                  00016842    00000012                            : copy_decompress_none.c.obj (.text:decompress:none:__TI_decompress_none)
                  00016854    00000012                            : toupper.c.obj (.text:toupper)
                  00016866    00000010                            : asr32.asm.obj (.text:l_asr)
                  00016876    00000010                            : lsl32.asm.obj (.text:l_lsl)
                  00016886    00000010                            : lsr32.asm.obj (.text:l_lsr)
                  00016896    0000000e                            : strlen.c.obj (.text:strlen)
                  000168a4    0000000c                            : fltid.c.obj (.text:__mspabi_fltid)
                  000168b0    0000000c     main.obj (.text:fputc)
                  000168bc    0000000a     rts430x_lc_rd_eabi.lib : abs.c.obj (.text:abs)
                  000168c6    0000000a                            : lsl16.asm.obj (.text)
                  000168d0    00000006                            : printf.c.obj (.text:_outc)
                  000168d6    00000006                            : exit.c.obj (.text:abort)
                  000168dc    00000004                            : printf.c.obj (.text:_outs)
                  000168e0    00000004                            : pre_init.c.obj (.text:_system_pre_init)
                  000168e4    00000002                            : _lock.c.obj (.text:_nop)
                  000168e6    00000002                            : startup.c.obj (.text:_system_post_cinit)

MODULE SUMMARY

       Module                       code    ro data   rw data
       ------                       ----    -------   -------
    .\
       main.obj                     8824    250       80     
       AD9910.obj                   1026    0         0      
       ADS1118.obj                  208     0         68     
       TLV5638.obj                  30      0         0      
    +--+----------------------------+-------+---------+---------+
       Total:                       10088   250       148    
                                                             
    .\src\
       setclock.obj                 332     0         0      
    +--+----------------------------+-------+---------+---------+
       Total:                       332     0         0      
                                                             
    C:\ti\ccs1110\ccs\tools\compiler\ti-cgt-msp430_21.6.0.LTS\lib\rts430x_lc_rd_eabi.lib
       _printfi.c.obj               6690    38        0      
       k_rem_pio2.c.obj             3510    336       0      
       s_sin.c.obj                  2264    0         0      
       s_cos.c.obj                  2258    0         0      
       addd.c.obj                   1834    0         0      
       frcdivd.c.obj                1126    0         0      
       div64u.c.obj                 846     0         0      
       k_sin.c.obj                  680     0         0      
       mpyd.c.obj                   664     0         0      
       k_cos.c.obj                  612     0         0      
       divd.c.obj                   546     0         0      
       s_floor.c.obj                452     0         0      
       frcmpyd.c.obj                356     0         0      
       s_scalbn.c.obj               346     0         0      
       s_round.c.obj                262     0         0      
       ctype.c.obj                  0       257       0      
       cmpd.c.obj                   216     0         0      
       defs.c.obj                   0       0         200    
       s_frexp.c.obj                166     0         0      
       fltlid.c.obj                 158     0         0      
       _ltoa.c.obj                  128     0         0      
       copy_decompress_lzss.c.obj   118     0         0      
       fixdul.c.obj                 104     0         0      
       fixdli.c.obj                 102     0         0      
       atoi.c.obj                   98      0         0      
       mult64_f5hw.asm.obj          92      0         0      
       div32u.asm.obj               88      0         0      
       autoinit.c.obj               84      0         0      
       printf.c.obj                 84      0         0      
       asr32.asm.obj                78      0         0      
       lsl32.asm.obj                78      0         0      
       lsr32.asm.obj                78      0         0      
       asr64.c.obj                  64      0         0      
       div32s.asm.obj               64      0         0      
       lsl64.c.obj                  58      0         0      
       lsr64.c.obj                  58      0         0      
       subd.c.obj                   50      0         0      
       negd.c.obj                   46      0         0      
       s_copysign.c.obj             46      0         0      
       div16s.asm.obj               44      0         0      
       mult3264_f5hw.asm.obj        44      0         0      
       fixdi.c.obj                  40      0         0      
       memccpy.c.obj                38      0         0      
       mult32_f5hw.asm.obj          36      0         0      
       boot.c.obj                   28      2         0      
       strchr.c.obj                 28      0         0      
       mult16_f5hw.asm.obj          24      0         0      
       div16u.asm.obj               22      0         0      
       memset.c.obj                 22      0         0      
       wcslen.c.obj                 22      0         0      
       memcpy.c.obj                 20      0         0      
       copy_decompress_none.c.obj   18      0         0      
       fixdu.c.obj                  18      0         0      
       toupper.c.obj                18      0         0      
       strlen.c.obj                 14      0         0      
       fltid.c.obj                  12      0         0      
       _lock.c.obj                  2       0         8      
       abs.c.obj                    10      0         0      
       lsl16.asm.obj                10      0         0      
       isr_trap.asm.obj             8       0         0      
       exit.c.obj                   6       0         0      
       pre_init.c.obj               4       0         0      
       errno.c.obj                  0       0         2      
       int37.asm.obj                0       2         0      
       int38.asm.obj                0       2         0      
       int39.asm.obj                0       2         0      
       int40.asm.obj                0       2         0      
       int41.asm.obj                0       2         0      
       int42.asm.obj                0       2         0      
       int43.asm.obj                0       2         0      
       int44.asm.obj                0       2         0      
       int45.asm.obj                0       2         0      
       int46.asm.obj                0       2         0      
       int47.asm.obj                0       2         0      
       int48.asm.obj                0       2         0      
       int49.asm.obj                0       2         0      
       int50.asm.obj                0       2         0      
       int51.asm.obj                0       2         0      
       int52.asm.obj                0       2         0      
       int53.asm.obj                0       2         0      
       int54.asm.obj                0       2         0      
       int55.asm.obj                0       2         0      
       int57.asm.obj                0       2         0      
       int58.asm.obj                0       2         0      
       int59.asm.obj                0       2         0      
       int60.asm.obj                0       2         0      
       int61.asm.obj                0       2         0      
       int62.asm.obj                0       2         0      
       startup.c.obj                2       0         0      
    +--+----------------------------+-------+---------+---------+
       Total:                       24994   683       210    
                                                             
       Stack:                       0       0         160    
       Linker Generated:            0       78        0      
    +--+----------------------------+-------+---------+---------+
       Grand Total:                 35414   1011      518    


LINKER GENERATED COPY TABLES

__TI_cinit_table @ 0000a524 records: 1, size/record: 8, table size: 8
	.data: load addr=0000a4de, load size=0000003e bytes, run addr=00002400, run size=00000166 bytes, compression=lzss


LINKER GENERATED HANDLER TABLE

__TI_handler_table @ 0000a51c records: 2, size/record: 4, table size: 8
	index: 0, handler: __TI_decompress_lzss
	index: 1, handler: __TI_decompress_none


GLOBAL SYMBOLS: SORTED ALPHABETICALLY BY Name 

address   name                                     
-------   ----                                     
00015b94  AD9910_GPIO_INIT_F6638                   
0001621c  AD9910_Init_F6638                        
00015c2e  AD9910_Send32Bit                         
000155b4  AD9910_Send64Bit                         
00016430  AD9910_SendBytes                         
00014da4  AD9910_SetFreAndAmp                      
00000700  ADC12CTL0                                
00000701  ADC12CTL0_H                              
00000700  ADC12CTL0_L                              
00000702  ADC12CTL1                                
00000703  ADC12CTL1_H                              
00000702  ADC12CTL1_L                              
00000704  ADC12CTL2                                
00000705  ADC12CTL2_H                              
00000704  ADC12CTL2_L                              
0000070c  ADC12IE                                  
0000070d  ADC12IE_H                                
0000070c  ADC12IE_L                                
0000070a  ADC12IFG                                 
0000070b  ADC12IFG_H                               
0000070a  ADC12IFG_L                               
0000070e  ADC12IV                                  
0000070f  ADC12IV_H                                
0000070e  ADC12IV_L                                
00000710  ADC12MCTL0                               
00000711  ADC12MCTL1                               
0000071a  ADC12MCTL10                              
0000071b  ADC12MCTL11                              
0000071c  ADC12MCTL12                              
0000071d  ADC12MCTL13                              
0000071e  ADC12MCTL14                              
0000071f  ADC12MCTL15                              
00000712  ADC12MCTL2                               
00000713  ADC12MCTL3                               
00000714  ADC12MCTL4                               
00000715  ADC12MCTL5                               
00000716  ADC12MCTL6                               
00000717  ADC12MCTL7                               
00000718  ADC12MCTL8                               
00000719  ADC12MCTL9                               
00000720  ADC12MEM0                                
00000721  ADC12MEM0_H                              
00000720  ADC12MEM0_L                              
00000722  ADC12MEM1                                
00000734  ADC12MEM10                               
00000735  ADC12MEM10_H                             
00000734  ADC12MEM10_L                             
00000736  ADC12MEM11                               
00000737  ADC12MEM11_H                             
00000736  ADC12MEM11_L                             
00000738  ADC12MEM12                               
00000739  ADC12MEM12_H                             
00000738  ADC12MEM12_L                             
0000073a  ADC12MEM13                               
0000073b  ADC12MEM13_H                             
0000073a  ADC12MEM13_L                             
0000073c  ADC12MEM14                               
0000073d  ADC12MEM14_H                             
0000073c  ADC12MEM14_L                             
0000073e  ADC12MEM15                               
0000073f  ADC12MEM15_H                             
0000073e  ADC12MEM15_L                             
00000723  ADC12MEM1_H                              
00000722  ADC12MEM1_L                              
00000724  ADC12MEM2                                
00000725  ADC12MEM2_H                              
00000724  ADC12MEM2_L                              
00000726  ADC12MEM3                                
00000727  ADC12MEM3_H                              
00000726  ADC12MEM3_L                              
00000728  ADC12MEM4                                
00000729  ADC12MEM4_H                              
00000728  ADC12MEM4_L                              
0000072a  ADC12MEM5                                
0000072b  ADC12MEM5_H                              
0000072a  ADC12MEM5_L                              
0000072c  ADC12MEM6                                
0000072d  ADC12MEM6_H                              
0000072c  ADC12MEM6_L                              
0000072e  ADC12MEM7                                
0000072f  ADC12MEM7_H                              
0000072e  ADC12MEM7_L                              
00000730  ADC12MEM8                                
00000731  ADC12MEM8_H                              
00000730  ADC12MEM8_L                              
00000732  ADC12MEM9                                
00000733  ADC12MEM9_H                              
00000732  ADC12MEM9_L                              
00016750  ADS1118_Init                             
000158fc  ADS1118_write_read                       
000024e4  Amp                                      
000024ec  Amp_l                                    
0000049e  BAKCHCTL                                 
0000049f  BAKCHCTL_H                               
0000049e  BAKCHCTL_L                               
0000049c  BAKCTL                                   
0000049d  BAKCTL_H                                 
0000049c  BAKCTL_L                                 
00000480  BAKMEM0                                  
00000481  BAKMEM0_H                                
00000480  BAKMEM0_L                                
00000482  BAKMEM1                                  
00000483  BAKMEM1_H                                
00000482  BAKMEM1_L                                
00000484  BAKMEM2                                  
00000485  BAKMEM2_H                                
00000484  BAKMEM2_L                                
00000486  BAKMEM3                                  
00000487  BAKMEM3_H                                
00000486  BAKMEM3_L                                
000004be  BCD2BIN                                  
000004bc  BIN2BCD                                  
000168d6  C$$EXIT                                  
000008c0  CBCTL0                                   
000008c1  CBCTL0_H                                 
000008c0  CBCTL0_L                                 
000008c2  CBCTL1                                   
000008c3  CBCTL1_H                                 
000008c2  CBCTL1_L                                 
000008c4  CBCTL2                                   
000008c5  CBCTL2_H                                 
000008c4  CBCTL2_L                                 
000008c6  CBCTL3                                   
000008c7  CBCTL3_H                                 
000008c6  CBCTL3_L                                 
000008cc  CBINT                                    
000008cd  CBINT_H                                  
000008cc  CBINT_L                                  
000008ce  CBIV                                     
00000150  CRCDI                                    
00000152  CRCDIRB                                  
00000153  CRCDIRB_H                                
00000152  CRCDIRB_L                                
00000151  CRCDI_H                                  
00000150  CRCDI_L                                  
00000154  CRCINIRES                                
00000155  CRCINIRES_H                              
00000154  CRCINIRES_L                              
00000156  CRCRESR                                  
00000157  CRCRESR_H                                
00000156  CRCRESR_L                                
0000250e  C_num                                    
00000786  DAC12_0CALCTL                            
00000788  DAC12_0CALDAT                            
00000780  DAC12_0CTL0                              
00000782  DAC12_0CTL1                              
00000784  DAC12_0DAT                               
00000796  DAC12_1CALCTL                            
00000798  DAC12_1CALDAT                            
00000790  DAC12_1CTL0                              
00000792  DAC12_1CTL1                              
00000794  DAC12_1DAT                               
0000079e  DAC12_IV                                 
00000510  DMA0CTL                                  
00000516  DMA0DA                                   
00000518  DMA0DAH                                  
00000516  DMA0DAL                                  
00000512  DMA0SA                                   
00000514  DMA0SAH                                  
00000512  DMA0SAL                                  
0000051a  DMA0SZ                                   
00000520  DMA1CTL                                  
00000526  DMA1DA                                   
00000528  DMA1DAH                                  
00000526  DMA1DAL                                  
00000522  DMA1SA                                   
00000524  DMA1SAH                                  
00000522  DMA1SAL                                  
0000052a  DMA1SZ                                   
00000530  DMA2CTL                                  
00000536  DMA2DA                                   
00000538  DMA2DAH                                  
00000536  DMA2DAL                                  
00000532  DMA2SA                                   
00000534  DMA2SAH                                  
00000532  DMA2SAL                                  
0000053a  DMA2SZ                                   
00000540  DMA3CTL                                  
00000546  DMA3DA                                   
00000548  DMA3DAH                                  
00000546  DMA3DAL                                  
00000542  DMA3SA                                   
00000544  DMA3SAH                                  
00000542  DMA3SAL                                  
0000054a  DMA3SZ                                   
00000550  DMA4CTL                                  
00000556  DMA4DA                                   
00000558  DMA4DAH                                  
00000556  DMA4DAL                                  
00000552  DMA4SA                                   
00000554  DMA4SAH                                  
00000552  DMA4SAL                                  
0000055a  DMA4SZ                                   
00000560  DMA5CTL                                  
00000566  DMA5DA                                   
00000568  DMA5DAH                                  
00000566  DMA5DAL                                  
00000562  DMA5SA                                   
00000564  DMA5SAH                                  
00000562  DMA5SAL                                  
0000056a  DMA5SZ                                   
00000500  DMACTL0                                  
00000502  DMACTL1                                  
00000504  DMACTL2                                  
00000506  DMACTL3                                  
00000508  DMACTL4                                  
0000050e  DMAIV                                    
00000140  FCTL1                                    
00000141  FCTL1_H                                  
00000140  FCTL1_L                                  
00000144  FCTL3                                    
00000145  FCTL3_H                                  
00000144  FCTL3_L                                  
00000146  FCTL4                                    
00000147  FCTL4_H                                  
00000146  FCTL4_L                                  
000024cc  Fre                                      
000024d4  Fre_dete                                 
000024dc  Fre_dete_C                               
00000a04  LCDBBLKCTL                               
00000a05  LCDBBLKCTL_H                             
00000a04  LCDBBLKCTL_L                             
00000a12  LCDBCPCTL                                
00000a13  LCDBCPCTL_H                              
00000a12  LCDBCPCTL_L                              
00000a00  LCDBCTL0                                 
00000a01  LCDBCTL0_H                               
00000a00  LCDBCTL0_L                               
00000a02  LCDBCTL1                                 
00000a03  LCDBCTL1_H                               
00000a02  LCDBCTL1_L                               
00000a1e  LCDBIV                                   
00000a40  LCDBM1                                   
00000a49  LCDBM10                                  
00000a4a  LCDBM11                                  
00000a4b  LCDBM12                                  
00000a4c  LCDBM13                                  
00000a4d  LCDBM14                                  
00000a4e  LCDBM15                                  
00000a4f  LCDBM16                                  
00000a50  LCDBM17                                  
00000a51  LCDBM18                                  
00000a52  LCDBM19                                  
00000a41  LCDBM2                                   
00000a53  LCDBM20                                  
00000a54  LCDBM21                                  
00000a55  LCDBM22                                  
00000a56  LCDBM23                                  
00000a57  LCDBM24                                  
00000a42  LCDBM3                                   
00000a43  LCDBM4                                   
00000a44  LCDBM5                                   
00000a45  LCDBM6                                   
00000a46  LCDBM7                                   
00000a47  LCDBM8                                   
00000a48  LCDBM9                                   
00000a06  LCDBMEMCTL                               
00000a07  LCDBMEMCTL_H                             
00000a06  LCDBMEMCTL_L                             
00000a0a  LCDBPCTL0                                
00000a0b  LCDBPCTL0_H                              
00000a0a  LCDBPCTL0_L                              
00000a0c  LCDBPCTL1                                
00000a0d  LCDBPCTL1_H                              
00000a0c  LCDBPCTL1_L                              
00000a0e  LCDBPCTL2                                
00000a0f  LCDBPCTL2_H                              
00000a0e  LCDBPCTL2_L                              
00000a10  LCDBPCTL3                                
00000a11  LCDBPCTL3_H                              
00000a10  LCDBPCTL3_L                              
00000a08  LCDBVCTL                                 
00000a09  LCDBVCTL_H                               
00000a08  LCDBVCTL_L                               
00000a20  LCDM1                                    
00000a29  LCDM10                                   
00000a2a  LCDM11                                   
00000a2b  LCDM12                                   
00000a2c  LCDM13                                   
00000a2d  LCDM14                                   
00000a2e  LCDM15                                   
00000a2f  LCDM16                                   
00000a30  LCDM17                                   
00000a31  LCDM18                                   
00000a32  LCDM19                                   
00000a21  LCDM2                                    
00000a33  LCDM20                                   
00000a34  LCDM21                                   
00000a35  LCDM22                                   
00000a36  LCDM23                                   
00000a37  LCDM24                                   
00000a22  LCDM3                                    
00000a23  LCDM4                                    
00000a24  LCDM5                                    
00000a25  LCDM6                                    
00000a26  LCDM7                                    
00000a27  LCDM8                                    
00000a28  LCDM9                                    
000024f6  Length                                   
000024fe  Length_C                                 
000004c4  MAC                                      
000004da  MAC32H                                   
000004db  MAC32H_H                                 
000004da  MAC32H_L                                 
000004d8  MAC32L                                   
000004d9  MAC32L_H                                 
000004d8  MAC32L_L                                 
000004c6  MACS                                     
000004de  MACS32H                                  
000004df  MACS32H_H                                
000004de  MACS32H_L                                
000004dc  MACS32L                                  
000004dd  MACS32L_H                                
000004dc  MACS32L_L                                
000004c7  MACS_H                                   
000004c6  MACS_L                                   
000004c5  MAC_H                                    
000004c4  MAC_L                                    
000004c0  MPY                                      
000004ec  MPY32CTL0                                
000004ed  MPY32CTL0_H                              
000004ec  MPY32CTL0_L                              
000004d2  MPY32H                                   
000004d3  MPY32H_H                                 
000004d2  MPY32H_L                                 
000004d0  MPY32L                                   
000004d1  MPY32L_H                                 
000004d0  MPY32L_L                                 
000004c2  MPYS                                     
000004d6  MPYS32H                                  
000004d7  MPYS32H_H                                
000004d6  MPYS32H_L                                
000004d4  MPYS32L                                  
000004d5  MPYS32L_H                                
000004d4  MPYS32L_L                                
000004c3  MPYS_H                                   
000004c2  MPYS_L                                   
000004c1  MPY_H                                    
000004c0  MPY_L                                    
000004c8  OP2                                      
000004e2  OP2H                                     
000004e3  OP2H_H                                   
000004e2  OP2H_L                                   
000004e0  OP2L                                     
000004e1  OP2L_H                                   
000004e0  OP2L_L                                   
000004c9  OP2_H                                    
000004c8  OP2_L                                    
0000020e  P1IV                                     
0000021e  P2IV                                     
000001d0  P2MAP01                                  
000001d1  P2MAP01_H                                
000001d0  P2MAP01_L                                
000001d2  P2MAP23                                  
000001d3  P2MAP23_H                                
000001d2  P2MAP23_L                                
000001d4  P2MAP45                                  
000001d5  P2MAP45_H                                
000001d4  P2MAP45_L                                
000001d6  P2MAP67                                  
000001d7  P2MAP67_H                                
000001d6  P2MAP67_L                                
0000022e  P3IV                                     
0000023e  P4IV                                     
00000204  PADIR                                    
00000205  PADIR_H                                  
00000204  PADIR_L                                  
00000208  PADS                                     
00000209  PADS_H                                   
00000208  PADS_L                                   
0000021a  PAIE                                     
00000218  PAIES                                    
00000219  PAIES_H                                  
00000218  PAIES_L                                  
0000021b  PAIE_H                                   
0000021a  PAIE_L                                   
0000021c  PAIFG                                    
0000021d  PAIFG_H                                  
0000021c  PAIFG_L                                  
00000200  PAIN                                     
00000201  PAIN_H                                   
00000200  PAIN_L                                   
00000202  PAOUT                                    
00000203  PAOUT_H                                  
00000202  PAOUT_L                                  
00000206  PAREN                                    
00000207  PAREN_H                                  
00000206  PAREN_L                                  
0000020a  PASEL                                    
0000020b  PASEL_H                                  
0000020a  PASEL_L                                  
00000224  PBDIR                                    
00000225  PBDIR_H                                  
00000224  PBDIR_L                                  
00000228  PBDS                                     
00000229  PBDS_H                                   
00000228  PBDS_L                                   
0000023a  PBIE                                     
00000238  PBIES                                    
00000239  PBIES_H                                  
00000238  PBIES_L                                  
0000023b  PBIE_H                                   
0000023a  PBIE_L                                   
0000023c  PBIFG                                    
0000023d  PBIFG_H                                  
0000023c  PBIFG_L                                  
00000220  PBIN                                     
00000221  PBIN_H                                   
00000220  PBIN_L                                   
00000222  PBOUT                                    
00000223  PBOUT_H                                  
00000222  PBOUT_L                                  
00000226  PBREN                                    
00000227  PBREN_H                                  
00000226  PBREN_L                                  
0000022a  PBSEL                                    
0000022b  PBSEL_H                                  
0000022a  PBSEL_L                                  
00000244  PCDIR                                    
00000245  PCDIR_H                                  
00000244  PCDIR_L                                  
00000248  PCDS                                     
00000249  PCDS_H                                   
00000248  PCDS_L                                   
00000240  PCIN                                     
00000241  PCIN_H                                   
00000240  PCIN_L                                   
00000242  PCOUT                                    
00000243  PCOUT_H                                  
00000242  PCOUT_L                                  
00000246  PCREN                                    
00000247  PCREN_H                                  
00000246  PCREN_L                                  
0000024a  PCSEL                                    
0000024b  PCSEL_H                                  
0000024a  PCSEL_L                                  
00000264  PDDIR                                    
00000265  PDDIR_H                                  
00000264  PDDIR_L                                  
00000268  PDDS                                     
00000269  PDDS_H                                   
00000268  PDDS_L                                   
00000260  PDIN                                     
00000261  PDIN_H                                   
00000260  PDIN_L                                   
00000262  PDOUT                                    
00000263  PDOUT_H                                  
00000262  PDOUT_L                                  
00000266  PDREN                                    
00000267  PDREN_H                                  
00000266  PDREN_L                                  
0000026a  PDSEL                                    
0000026b  PDSEL_H                                  
0000026a  PDSEL_L                                  
00000284  PEDIR                                    
00000285  PEDIR_H                                  
00000284  PEDIR_L                                  
00000288  PEDS                                     
00000289  PEDS_H                                   
00000288  PEDS_L                                   
00000280  PEIN                                     
00000281  PEIN_H                                   
00000280  PEIN_L                                   
00000282  PEOUT                                    
00000283  PEOUT_H                                  
00000282  PEOUT_L                                  
00000286  PEREN                                    
00000287  PEREN_H                                  
00000286  PEREN_L                                  
0000028a  PESEL                                    
0000028b  PESEL_H                                  
0000028a  PESEL_L                                  
00000324  PJDIR                                    
00000325  PJDIR_H                                  
00000324  PJDIR_L                                  
00000328  PJDS                                     
00000329  PJDS_H                                   
00000328  PJDS_L                                   
00000320  PJIN                                     
00000321  PJIN_H                                   
00000320  PJIN_L                                   
00000322  PJOUT                                    
00000323  PJOUT_H                                  
00000322  PJOUT_L                                  
00000326  PJREN                                    
00000327  PJREN_H                                  
00000326  PJREN_L                                  
00000130  PM5CTL0                                  
00000131  PM5CTL0_H                                
00000130  PM5CTL0_L                                
000001c2  PMAPCTL                                  
000001c3  PMAPCTL_H                                
000001c2  PMAPCTL_L                                
000001c0  PMAPKEYID                                
000001c1  PMAPKEYID_H                              
000001c0  PMAPKEYID_L                              
00000120  PMMCTL0                                  
00000121  PMMCTL0_H                                
00000120  PMMCTL0_L                                
00000122  PMMCTL1                                  
00000123  PMMCTL1_H                                
00000122  PMMCTL1_L                                
0000012c  PMMIFG                                   
0000012d  PMMIFG_H                                 
0000012c  PMMIFG_L                                 
0000012e  PMMRIE                                   
0000012f  PMMRIE_H                                 
0000012e  PMMRIE_L                                 
00000158  RCCTL0                                   
00000159  RCCTL0_H                                 
00000158  RCCTL0_L                                 
000001b0  REFCTL0                                  
000001b1  REFCTL0_H                                
000001b0  REFCTL0_L                                
000004e4  RES0                                     
000004e5  RES0_H                                   
000004e4  RES0_L                                   
000004e6  RES1                                     
000004e7  RES1_H                                   
000004e6  RES1_L                                   
000004e8  RES2                                     
000004e9  RES2_H                                   
000004e8  RES2_L                                   
000004ea  RES3                                     
000004eb  RES3_H                                   
000004ea  RES3_L                                   
000004cc  RESHI                                    
000004cd  RESHI_H                                  
000004cc  RESHI_L                                  
000004ca  RESLO                                    
000004cb  RESLO_H                                  
000004ca  RESLO_L                                  
000004ba  RTCADOWDAY                               
000004bb  RTCADOWDAY_H                             
000004ba  RTCADOWDAY_L                             
000004b8  RTCAMINHR                                
000004b9  RTCAMINHR_H                              
000004b8  RTCAMINHR_L                              
000004a0  RTCCTL01                                 
000004a1  RTCCTL01_H                               
000004a0  RTCCTL01_L                               
000004a2  RTCCTL23                                 
000004a3  RTCCTL23_H                               
000004a2  RTCCTL23_L                               
000004b4  RTCDATE                                  
000004b5  RTCDATE_H                                
000004b4  RTCDATE_L                                
000004ae  RTCIV                                    
000004ac  RTCPS                                    
000004a8  RTCPS0CTL                                
000004a9  RTCPS0CTL_H                              
000004a8  RTCPS0CTL_L                              
000004aa  RTCPS1CTL                                
000004ab  RTCPS1CTL_H                              
000004aa  RTCPS1CTL_L                              
000004ad  RTCPS_H                                  
000004ac  RTCPS_L                                  
000004b0  RTCTIM0                                  
000004b1  RTCTIM0_H                                
000004b0  RTCTIM0_L                                
000004b2  RTCTIM1                                  
000004b3  RTCTIM1_H                                
000004b2  RTCTIM1_L                                
000004b6  RTCYEAR                                  
000004b7  RTCYEAR_H                                
000004b6  RTCYEAR_L                                
00002506  R_num                                    
00000100  SFRIE1                                   
00000101  SFRIE1_H                                 
00000100  SFRIE1_L                                 
00000102  SFRIFG1                                  
00000103  SFRIFG1_H                                
00000102  SFRIFG1_L                                
00000104  SFRRPCR                                  
00000105  SFRRPCR_H                                
00000104  SFRRPCR_L                                
000004ce  SUMEXT                                   
000004cf  SUMEXT_H                                 
000004ce  SUMEXT_L                                 
00000124  SVSMHCTL                                 
00000125  SVSMHCTL_H                               
00000124  SVSMHCTL_L                               
00000128  SVSMIO                                   
00000129  SVSMIO_H                                 
00000128  SVSMIO_L                                 
00000126  SVSMLCTL                                 
00000127  SVSMLCTL_H                               
00000126  SVSMLCTL_L                               
00000198  SYSBERRIV                                
00000199  SYSBERRIV_H                              
00000198  SYSBERRIV_L                              
00000182  SYSBSLC                                  
00000183  SYSBSLC_H                                
00000182  SYSBSLC_L                                
00000180  SYSCTL                                   
00000181  SYSCTL_H                                 
00000180  SYSCTL_L                                 
00000186  SYSJMBC                                  
00000187  SYSJMBC_H                                
00000186  SYSJMBC_L                                
00000188  SYSJMBI0                                 
00000189  SYSJMBI0_H                               
00000188  SYSJMBI0_L                               
0000018a  SYSJMBI1                                 
0000018b  SYSJMBI1_H                               
0000018a  SYSJMBI1_L                               
0000018c  SYSJMBO0                                 
0000018d  SYSJMBO0_H                               
0000018c  SYSJMBO0_L                               
0000018e  SYSJMBO1                                 
0000018f  SYSJMBO1_H                               
0000018e  SYSJMBO1_L                               
0000019e  SYSRSTIV                                 
0000019f  SYSRSTIV_H                               
0000019e  SYSRSTIV_L                               
0000019c  SYSSNIV                                  
0000019d  SYSSNIV_H                                
0000019c  SYSSNIV_L                                
0000019a  SYSUNIV                                  
0000019b  SYSUNIV_H                                
0000019a  SYSUNIV_L                                
00016270  SetClock_MCLK12MHZ_SMCLK12MHZ_ACLK32_768K
0001659c  SetVCore                                 
00000352  TA0CCR0                                  
00000354  TA0CCR1                                  
00000356  TA0CCR2                                  
00000358  TA0CCR3                                  
0000035a  TA0CCR4                                  
00000342  TA0CCTL0                                 
00000344  TA0CCTL1                                 
00000346  TA0CCTL2                                 
00000348  TA0CCTL3                                 
0000034a  TA0CCTL4                                 
00000340  TA0CTL                                   
00000360  TA0EX0                                   
0000036e  TA0IV                                    
00000350  TA0R                                     
00000392  TA1CCR0                                  
00000394  TA1CCR1                                  
00000396  TA1CCR2                                  
00000382  TA1CCTL0                                 
00000384  TA1CCTL1                                 
00000386  TA1CCTL2                                 
00000380  TA1CTL                                   
000003a0  TA1EX0                                   
000003ae  TA1IV                                    
00000390  TA1R                                     
00000412  TA2CCR0                                  
00000414  TA2CCR1                                  
00000416  TA2CCR2                                  
00000402  TA2CCTL0                                 
00000404  TA2CCTL1                                 
00000406  TA2CCTL2                                 
00000400  TA2CTL                                   
00000420  TA2EX0                                   
0000042e  TA2IV                                    
00000410  TA2R                                     
000003d2  TB0CCR0                                  
000003d4  TB0CCR1                                  
000003d6  TB0CCR2                                  
000003d8  TB0CCR3                                  
000003da  TB0CCR4                                  
000003dc  TB0CCR5                                  
000003de  TB0CCR6                                  
000003c2  TB0CCTL0                                 
000003c4  TB0CCTL1                                 
000003c6  TB0CCTL2                                 
000003c8  TB0CCTL3                                 
000003ca  TB0CCTL4                                 
000003cc  TB0CCTL5                                 
000003ce  TB0CCTL6                                 
000003c0  TB0CTL                                   
000003e0  TB0EX0                                   
000003ee  TB0IV                                    
000003d0  TB0R                                     
00016772  TLV5638_Init                             
000005d0  UCA0ABCTL                                
000005c6  UCA0BRW                                  
000005c7  UCA0BRW_H                                
000005c6  UCA0BRW_L                                
000005c0  UCA0CTLW0                                
000005c1  UCA0CTLW0_H                              
000005c0  UCA0CTLW0_L                              
000005dc  UCA0ICTL                                 
000005dd  UCA0ICTL_H                               
000005dc  UCA0ICTL_L                               
000005d2  UCA0IRCTL                                
000005d3  UCA0IRCTL_H                              
000005d2  UCA0IRCTL_L                              
000005de  UCA0IV                                   
000005c8  UCA0MCTL                                 
000005cc  UCA0RXBUF                                
000005ca  UCA0STAT                                 
000005ce  UCA0TXBUF                                
00000610  UCA1ABCTL                                
00000606  UCA1BRW                                  
00000607  UCA1BRW_H                                
00000606  UCA1BRW_L                                
00000600  UCA1CTLW0                                
00000601  UCA1CTLW0_H                              
00000600  UCA1CTLW0_L                              
0000061c  UCA1ICTL                                 
0000061d  UCA1ICTL_H                               
0000061c  UCA1ICTL_L                               
00000612  UCA1IRCTL                                
00000613  UCA1IRCTL_H                              
00000612  UCA1IRCTL_L                              
0000061e  UCA1IV                                   
00000608  UCA1MCTL                                 
0000060c  UCA1RXBUF                                
0000060a  UCA1STAT                                 
0000060e  UCA1TXBUF                                
000005e6  UCB0BRW                                  
000005e7  UCB0BRW_H                                
000005e6  UCB0BRW_L                                
000005e0  UCB0CTLW0                                
000005e1  UCB0CTLW0_H                              
000005e0  UCB0CTLW0_L                              
000005f0  UCB0I2COA                                
000005f1  UCB0I2COA_H                              
000005f0  UCB0I2COA_L                              
000005f2  UCB0I2CSA                                
000005f3  UCB0I2CSA_H                              
000005f2  UCB0I2CSA_L                              
000005fc  UCB0ICTL                                 
000005fd  UCB0ICTL_H                               
000005fc  UCB0ICTL_L                               
000005fe  UCB0IV                                   
000005ec  UCB0RXBUF                                
000005ea  UCB0STAT                                 
000005ee  UCB0TXBUF                                
00000626  UCB1BRW                                  
00000627  UCB1BRW_H                                
00000626  UCB1BRW_L                                
00000620  UCB1CTLW0                                
00000621  UCB1CTLW0_H                              
00000620  UCB1CTLW0_L                              
00000630  UCB1I2COA                                
00000631  UCB1I2COA_H                              
00000630  UCB1I2COA_L                              
00000632  UCB1I2CSA                                
00000633  UCB1I2CSA_H                              
00000632  UCB1I2CSA_L                              
0000063c  UCB1ICTL                                 
0000063d  UCB1ICTL_H                               
0000063c  UCB1ICTL_L                               
0000063e  UCB1IV                                   
0000062c  UCB1RXBUF                                
0000062a  UCB1STAT                                 
0000062e  UCB1TXBUF                                
00000160  UCSCTL0                                  
00000161  UCSCTL0_H                                
00000160  UCSCTL0_L                                
00000162  UCSCTL1                                  
00000163  UCSCTL1_H                                
00000162  UCSCTL1_L                                
00000164  UCSCTL2                                  
00000165  UCSCTL2_H                                
00000164  UCSCTL2_L                                
00000166  UCSCTL3                                  
00000167  UCSCTL3_H                                
00000166  UCSCTL3_L                                
00000168  UCSCTL4                                  
00000169  UCSCTL4_H                                
00000168  UCSCTL4_L                                
0000016a  UCSCTL5                                  
0000016b  UCSCTL5_H                                
0000016a  UCSCTL5_L                                
0000016c  UCSCTL6                                  
0000016d  UCSCTL6_H                                
0000016c  UCSCTL6_L                                
0000016e  UCSCTL7                                  
0000016f  UCSCTL7_H                                
0000016e  UCSCTL7_L                                
00000170  UCSCTL8                                  
00000171  UCSCTL8_H                                
00000170  UCSCTL8_L                                
00000902  USBCNF                                   
00000903  USBCNF_H                                 
00000902  USBCNF_L                                 
0000093c  USBCTL                                   
0000093a  USBFN                                    
0000093b  USBFN_H                                  
0000093a  USBFN_L                                  
0000093f  USBFUNADR                                
0000093d  USBIE                                    
00002378  USBIEP0BUF                               
000023c9  USBIEPBBAX_1                             
000023d1  USBIEPBBAX_2                             
000023d9  USBIEPBBAX_3                             
000023e1  USBIEPBBAX_4                             
000023e9  USBIEPBBAX_5                             
000023f1  USBIEPBBAX_6                             
000023f9  USBIEPBBAX_7                             
000023cd  USBIEPBBAY_1                             
000023d5  USBIEPBBAY_2                             
000023dd  USBIEPBBAY_3                             
000023e5  USBIEPBBAY_4                             
000023ed  USBIEPBBAY_5                             
000023f5  USBIEPBBAY_6                             
000023fd  USBIEPBBAY_7                             
000023ca  USBIEPBCTX_1                             
000023d2  USBIEPBCTX_2                             
000023da  USBIEPBCTX_3                             
000023e2  USBIEPBCTX_4                             
000023ea  USBIEPBCTX_5                             
000023f2  USBIEPBCTX_6                             
000023fa  USBIEPBCTX_7                             
000023ce  USBIEPBCTY_1                             
000023d6  USBIEPBCTY_2                             
000023de  USBIEPBCTY_3                             
000023e6  USBIEPBCTY_4                             
000023ee  USBIEPBCTY_5                             
000023f6  USBIEPBCTY_6                             
000023fe  USBIEPBCTY_7                             
00000920  USBIEPCNF_0                              
000023c8  USBIEPCNF_1                              
000023d0  USBIEPCNF_2                              
000023d8  USBIEPCNF_3                              
000023e0  USBIEPCNF_4                              
000023e8  USBIEPCNF_5                              
000023f0  USBIEPCNF_6                              
000023f8  USBIEPCNF_7                              
00000921  USBIEPCNT_0                              
0000092e  USBIEPIE                                 
00000930  USBIEPIFG                                
000023cf  USBIEPSIZXY_1                            
000023d7  USBIEPSIZXY_2                            
000023df  USBIEPSIZXY_3                            
000023e7  USBIEPSIZXY_4                            
000023ef  USBIEPSIZXY_5                            
000023f7  USBIEPSIZXY_6                            
000023ff  USBIEPSIZXY_7                            
0000093e  USBIFG                                   
00000900  USBKEYID                                 
00000901  USBKEYID_H                               
00000900  USBKEYID_L                               
00000936  USBMAINT                                 
00000937  USBMAINT_H                               
00000936  USBMAINT_L                               
00002370  USBOEP0BUF                               
00002389  USBOEPBBAX_1                             
00002391  USBOEPBBAX_2                             
00002399  USBOEPBBAX_3                             
000023a1  USBOEPBBAX_4                             
000023a9  USBOEPBBAX_5                             
000023b1  USBOEPBBAX_6                             
000023b9  USBOEPBBAX_7                             
0000238d  USBOEPBBAY_1                             
00002395  USBOEPBBAY_2                             
0000239d  USBOEPBBAY_3                             
000023a5  USBOEPBBAY_4                             
000023ad  USBOEPBBAY_5                             
000023b5  USBOEPBBAY_6                             
000023bd  USBOEPBBAY_7                             
0000238a  USBOEPBCTX_1                             
00002392  USBOEPBCTX_2                             
0000239a  USBOEPBCTX_3                             
000023a2  USBOEPBCTX_4                             
000023aa  USBOEPBCTX_5                             
000023b2  USBOEPBCTX_6                             
000023ba  USBOEPBCTX_7                             
0000238e  USBOEPBCTY_1                             
00002396  USBOEPBCTY_2                             
0000239e  USBOEPBCTY_3                             
000023a6  USBOEPBCTY_4                             
000023ae  USBOEPBCTY_5                             
000023b6  USBOEPBCTY_6                             
000023be  USBOEPBCTY_7                             
00000922  USBOEPCNF_0                              
00002388  USBOEPCNF_1                              
00002390  USBOEPCNF_2                              
00002398  USBOEPCNF_3                              
000023a0  USBOEPCNF_4                              
000023a8  USBOEPCNF_5                              
000023b0  USBOEPCNF_6                              
000023b8  USBOEPCNF_7                              
00000923  USBOEPCNT_0                              
0000092f  USBOEPIE                                 
00000931  USBOEPIFG                                
0000238f  USBOEPSIZXY_1                            
00002397  USBOEPSIZXY_2                            
0000239f  USBOEPSIZXY_3                            
000023a7  USBOEPSIZXY_4                            
000023af  USBOEPSIZXY_5                            
000023b7  USBOEPSIZXY_6                            
000023bf  USBOEPSIZXY_7                            
00000904  USBPHYCTL                                
00000905  USBPHYCTL_H                              
00000904  USBPHYCTL_L                              
00000910  USBPLLCTL                                
00000911  USBPLLCTL_H                              
00000910  USBPLLCTL_L                              
00000912  USBPLLDIVB                               
00000913  USBPLLDIVB_H                             
00000912  USBPLLDIVB_L                             
00000914  USBPLLIR                                 
00000915  USBPLLIR_H                               
00000914  USBPLLIR_L                               
00000908  USBPWRCTL                                
00000909  USBPWRCTL_H                              
00000908  USBPWRCTL_L                              
00001c00  USBSTABUFF                               
00002380  USBSUBLK                                 
0000236f  USBTOPBUFF                               
00000938  USBTSREG                                 
00000939  USBTSREG_H                               
00000938  USBTSREG_L                               
00000932  USBVECINT                                
00000933  USBVECINT_H                              
00000932  USBVECINT_L                              
00008000  USCI_A0_ISR                              
0000015c  WDTCTL                                   
0000015d  WDTCTL_H                                 
0000015c  WDTCTL_L                                 
00006400  __STACK_END                              
000000a0  __STACK_SIZE                             
0000a524  __TI_CINIT_Base                          
0000a52c  __TI_CINIT_Limit                         
0000a52c  __TI_CINIT_Warm                          
0000a51c  __TI_Handler_Table_Base                  
0000a524  __TI_Handler_Table_Limit                 
0000a166  __TI_ISR_TRAP                            
000162c4  __TI_auto_init_nobinit_nopinit_hold_wdt  
00015f62  __TI_decompress_lzss                     
00016842  __TI_decompress_none                     
0001268a  __TI_frcdivd                             
00014c40  __TI_frcmpyd                             
0000ffca  __TI_int37                               
0000ffcc  __TI_int38                               
0000ffce  __TI_int39                               
0000ffd0  __TI_int40                               
0000ffd2  __TI_int41                               
0000ffd4  __TI_int42                               
0000ffd6  __TI_int43                               
0000ffd8  __TI_int44                               
0000ffda  __TI_int45                               
0000ffdc  __TI_int46                               
0000ffde  __TI_int47                               
0000ffe0  __TI_int48                               
0000ffe2  __TI_int49                               
0000ffe4  __TI_int50                               
0000ffe6  __TI_int51                               
0000ffe8  __TI_int52                               
0000ffea  __TI_int53                               
0000ffec  __TI_int54                               
0000ffee  __TI_int55                               
0000fff0  __TI_int56                               
0000fff2  __TI_int57                               
0000fff4  __TI_int58                               
0000fff6  __TI_int59                               
0000fff8  __TI_int60                               
0000fffa  __TI_int61                               
0000fffc  __TI_int62                               
00015e6a  __TI_ltoa                                
ffffffff  __TI_pprof_out_hndl                      
000130e6  __TI_printfi                             
ffffffff  __TI_prof_data_size                      
ffffffff  __TI_prof_data_start                     
ffffffff  __c_args__                               
00013b06  __kernel_cos                             
00010000  __kernel_rem_pio2                        
00012e3e  __kernel_sin                             
00011f60  __mspabi_addd                            
0001569a  __mspabi_cmpd                            
00013f8e  __mspabi_divd                            
0001668c  __mspabi_divi                            
000163f0  __mspabi_divli                           
000167da  __mspabi_divu                            
000161c4  __mspabi_divul                           
00012af0  __mspabi_divull                          
000166b8  __mspabi_fixdi                           
00016040  __mspabi_fixdli                          
00016830  __mspabi_fixdu                           
[...]
0000092e  USBIEPIE                                 
0000092f  USBOEPIE                                 
00000930  USBIEPIFG                                
00000931  USBOEPIFG                                
00000932  USBVECINT                                
00000932  USBVECINT_L                              
00000933  USBVECINT_H                              
00000936  USBMAINT                                 
00000936  USBMAINT_L                               
00000937  USBMAINT_H                               
00000938  USBTSREG                                 
00000938  USBTSREG_L                               
00000939  USBTSREG_H                               
0000093a  USBFN                                    
0000093a  USBFN_L                                  
0000093b  USBFN_H                                  
0000093c  USBCTL                                   
0000093d  USBIE                                    
0000093e  USBIFG                                   
0000093f  USBFUNADR                                
00000a00  LCDBCTL0                                 
00000a00  LCDBCTL0_L                               
00000a01  LCDBCTL0_H                               
00000a02  LCDBCTL1                                 
00000a02  LCDBCTL1_L                               
00000a03  LCDBCTL1_H                               
00000a04  LCDBBLKCTL                               
00000a04  LCDBBLKCTL_L                             
00000a05  LCDBBLKCTL_H                             
00000a06  LCDBMEMCTL                               
00000a06  LCDBMEMCTL_L                             
00000a07  LCDBMEMCTL_H                             
00000a08  LCDBVCTL                                 
00000a08  LCDBVCTL_L                               
00000a09  LCDBVCTL_H                               
00000a0a  LCDBPCTL0                                
00000a0a  LCDBPCTL0_L                              
00000a0b  LCDBPCTL0_H                              
00000a0c  LCDBPCTL1                                
00000a0c  LCDBPCTL1_L                              
00000a0d  LCDBPCTL1_H                              
00000a0e  LCDBPCTL2                                
00000a0e  LCDBPCTL2_L                              
00000a0f  LCDBPCTL2_H                              
00000a10  LCDBPCTL3                                
00000a10  LCDBPCTL3_L                              
00000a11  LCDBPCTL3_H                              
00000a12  LCDBCPCTL                                
00000a12  LCDBCPCTL_L                              
00000a13  LCDBCPCTL_H                              
00000a1e  LCDBIV                                   
00000a20  LCDM1                                    
00000a21  LCDM2                                    
00000a22  LCDM3                                    
00000a23  LCDM4                                    
00000a24  LCDM5                                    
00000a25  LCDM6                                    
00000a26  LCDM7                                    
00000a27  LCDM8                                    
00000a28  LCDM9                                    
00000a29  LCDM10                                   
00000a2a  LCDM11                                   
00000a2b  LCDM12                                   
00000a2c  LCDM13                                   
00000a2d  LCDM14                                   
00000a2e  LCDM15                                   
00000a2f  LCDM16                                   
00000a30  LCDM17                                   
00000a31  LCDM18                                   
00000a32  LCDM19                                   
00000a33  LCDM20                                   
00000a34  LCDM21                                   
00000a35  LCDM22                                   
00000a36  LCDM23                                   
00000a37  LCDM24                                   
00000a40  LCDBM1                                   
00000a41  LCDBM2                                   
00000a42  LCDBM3                                   
00000a43  LCDBM4                                   
00000a44  LCDBM5                                   
00000a45  LCDBM6                                   
00000a46  LCDBM7                                   
00000a47  LCDBM8                                   
00000a48  LCDBM9                                   
00000a49  LCDBM10                                  
00000a4a  LCDBM11                                  
00000a4b  LCDBM12                                  
00000a4c  LCDBM13                                  
00000a4d  LCDBM14                                  
00000a4e  LCDBM15                                  
00000a4f  LCDBM16                                  
00000a50  LCDBM17                                  
00000a51  LCDBM18                                  
00000a52  LCDBM19                                  
00000a53  LCDBM20                                  
00000a54  LCDBM21                                  
00000a55  LCDBM22                                  
00000a56  LCDBM23                                  
00000a57  LCDBM24                                  
00001c00  USBSTABUFF                               
0000236f  USBTOPBUFF                               
00002370  USBOEP0BUF                               
00002378  USBIEP0BUF                               
00002380  USBSUBLK                                 
00002388  USBOEPCNF_1                              
00002389  USBOEPBBAX_1                             
0000238a  USBOEPBCTX_1                             
0000238d  USBOEPBBAY_1                             
0000238e  USBOEPBCTY_1                             
0000238f  USBOEPSIZXY_1                            
00002390  USBOEPCNF_2                              
00002391  USBOEPBBAX_2                             
00002392  USBOEPBCTX_2                             
00002395  USBOEPBBAY_2                             
00002396  USBOEPBCTY_2                             
00002397  USBOEPSIZXY_2                            
00002398  USBOEPCNF_3                              
00002399  USBOEPBBAX_3                             
0000239a  USBOEPBCTX_3                             
0000239d  USBOEPBBAY_3                             
0000239e  USBOEPBCTY_3                             
0000239f  USBOEPSIZXY_3                            
000023a0  USBOEPCNF_4                              
000023a1  USBOEPBBAX_4                             
000023a2  USBOEPBCTX_4                             
000023a5  USBOEPBBAY_4                             
000023a6  USBOEPBCTY_4                             
000023a7  USBOEPSIZXY_4                            
000023a8  USBOEPCNF_5                              
000023a9  USBOEPBBAX_5                             
000023aa  USBOEPBCTX_5                             
000023ad  USBOEPBBAY_5                             
000023ae  USBOEPBCTY_5                             
000023af  USBOEPSIZXY_5                            
000023b0  USBOEPCNF_6                              
000023b1  USBOEPBBAX_6                             
000023b2  USBOEPBCTX_6                             
000023b5  USBOEPBBAY_6                             
000023b6  USBOEPBCTY_6                             
000023b7  USBOEPSIZXY_6                            
000023b8  USBOEPCNF_7                              
000023b9  USBOEPBBAX_7                             
000023ba  USBOEPBCTX_7                             
000023bd  USBOEPBBAY_7                             
000023be  USBOEPBCTY_7                             
000023bf  USBOEPSIZXY_7                            
000023c8  USBIEPCNF_1                              
000023c9  USBIEPBBAX_1                             
000023ca  USBIEPBCTX_1                             
000023cd  USBIEPBBAY_1                             
000023ce  USBIEPBCTY_1                             
000023cf  USBIEPSIZXY_1                            
000023d0  USBIEPCNF_2                              
000023d1  USBIEPBBAX_2                             
000023d2  USBIEPBCTX_2                             
000023d5  USBIEPBBAY_2                             
000023d6  USBIEPBCTY_2                             
000023d7  USBIEPSIZXY_2                            
000023d8  USBIEPCNF_3                              
000023d9  USBIEPBBAX_3                             
000023da  USBIEPBCTX_3                             
000023dd  USBIEPBBAY_3                             
000023de  USBIEPBCTY_3                             
000023df  USBIEPSIZXY_3                            
000023e0  USBIEPCNF_4                              
000023e1  USBIEPBBAX_4                             
000023e2  USBIEPBCTX_4                             
000023e5  USBIEPBBAY_4                             
000023e6  USBIEPBCTY_4                             
000023e7  USBIEPSIZXY_4                            
000023e8  USBIEPCNF_5                              
000023e9  USBIEPBBAX_5                             
000023ea  USBIEPBCTX_5                             
000023ed  USBIEPBBAY_5                             
000023ee  USBIEPBCTY_5                             
000023ef  USBIEPSIZXY_5                            
000023f0  USBIEPCNF_6                              
000023f1  USBIEPBBAX_6                             
000023f2  USBIEPBCTX_6                             
000023f5  USBIEPBBAY_6                             
000023f6  USBIEPBCTY_6                             
000023f7  USBIEPSIZXY_6                            
000023f8  USBIEPCNF_7                              
000023f9  USBIEPBBAX_7                             
000023fa  USBIEPBCTX_7                             
000023fd  USBIEPBBAY_7                             
000023fe  USBIEPBCTY_7                             
000023ff  USBIEPSIZXY_7                            
00002400  _ftable                                  
000024c8  char_num                                 
000024ca  rx_flag                                  
000024cc  Fre                                      
000024d4  Fre_dete                                 
000024dc  Fre_dete_C                               
000024e4  Amp                                      
000024ec  Amp_l                                    
000024f4  mode                                     
000024f6  Length                                   
000024fe  Length_C                                 
00002506  R_num                                    
0000250e  C_num                                    
00002516  control_num_1118                         
00002536  data                                     
00002556  data_read                                
0000255a  _lock                                    
0000255e  _unlock                                  
00002562  errno                                    
00002564  str                                      
00006360  _stack                                   
00006400  __STACK_END                              
00008000  USCI_A0_ISR                              
0000a14a  _c_int00_noargs                          
0000a166  __TI_ISR_TRAP                            
0000a276  _ctypes_                                 
0000a51c  __TI_Handler_Table_Base                  
0000a524  __TI_CINIT_Base                          
0000a524  __TI_Handler_Table_Limit                 
0000a52c  __TI_CINIT_Limit                         
0000a52c  __TI_CINIT_Warm                          
0000ffca  __TI_int37                               
0000ffcc  __TI_int38                               
0000ffce  __TI_int39                               
0000ffd0  __TI_int40                               
0000ffd2  __TI_int41                               
0000ffd4  __TI_int42                               
0000ffd6  __TI_int43                               
0000ffd8  __TI_int44                               
0000ffda  __TI_int45                               
0000ffdc  __TI_int46                               
0000ffde  __TI_int47                               
0000ffe0  __TI_int48                               
0000ffe2  __TI_int49                               
0000ffe4  __TI_int50                               
0000ffe6  __TI_int51                               
0000ffe8  __TI_int52                               
0000ffea  __TI_int53                               
0000ffec  __TI_int54                               
0000ffee  __TI_int55                               
0000fff0  __TI_int56                               
0000fff2  __TI_int57                               
0000fff4  __TI_int58                               
0000fff6  __TI_int59                               
0000fff8  __TI_int60                               
0000fffa  __TI_int61                               
0000fffc  __TI_int62                               
0000fffe  _reset_vector                            
00010000  __kernel_rem_pio2                        
00010db6  sin                                      
00010db6  sinl                                     
0001168e  cos                                      
0001168e  cosl                                     
00011f60  __mspabi_addd                            
0001268a  __TI_frcdivd                             
00012af0  __mspabi_divull                          
00012e3e  __kernel_sin                             
000130e6  __TI_printfi                             
0001338c  __mspabi_mpyd                            
00013b06  __kernel_cos                             
00013f8e  __mspabi_divd                            
0001476a  floor                                    
0001476a  floorl                                   
00014c40  __TI_frcmpyd                             
00014da4  AD9910_SetFreAndAmp                      
00014efe  ldexp                                    
00014efe  ldexpl                                   
00014efe  scalbn                                   
00014efe  scalbnl                                  
000152c8  round                                    
000152c8  roundl                                   
000155b4  AD9910_Send64Bit                         
0001569a  __mspabi_cmpd                            
000158fc  ADS1118_write_read                       
00015a50  frexp                                    
00015a50  frexpl                                   
00015af6  __mspabi_fltlid                          
00015b94  AD9910_GPIO_INIT_F6638                   
00015c2e  AD9910_Send32Bit                         
00015de4  main                                     
00015e6a  __TI_ltoa                                
00015f62  __TI_decompress_lzss                     
00015fd8  __mspabi_fixdul                          
00016040  __mspabi_fixdli                          
000160a6  atoi                                     
00016108  init_uart                                
00016168  __mspabi_mpyll_f5hw                      
000161c4  __mspabi_divul                           
000161c4  __mspabi_remul                           
0001621c  AD9910_Init_F6638                        
00016270  SetClock_MCLK12MHZ_SMCLK12MHZ_ACLK32_768K
000162c4  __TI_auto_init_nobinit_nopinit_hold_wdt  
00016366  printf                                   
000163b0  __mspabi_srall                           
000163f0  __mspabi_divli                           
000163f0  __mspabi_remli                           
00016430  AD9910_SendBytes                         
0001646e  __mspabi_sral_15                         
00016472  __mspabi_sral_14                         
00016476  __mspabi_sral_13                         
0001647a  __mspabi_sral_12                         
0001647e  __mspabi_sral_11                         
00016482  __mspabi_sral_10                         
00016486  __mspabi_sral_9                          
0001648a  __mspabi_sral_8                          
0001648e  __mspabi_sral_7                          
00016492  __mspabi_sral_6                          
00016496  __mspabi_sral_5                          
0001649a  __mspabi_sral_4                          
0001649e  __mspabi_sral_3                          
000164a2  __mspabi_sral_2                          
000164a6  __mspabi_sral_1                          
000164ac  __mspabi_slll_15                         
000164b0  __mspabi_slll_14                         
000164b4  __mspabi_slll_13                         
000164b8  __mspabi_slll_12                         
000164bc  __mspabi_slll_11                         
000164c0  __mspabi_slll_10                         
000164c4  __mspabi_slll_9                          
000164c8  __mspabi_slll_8                          
000164cc  __mspabi_slll_7                          
000164d0  __mspabi_slll_6                          
000164d4  __mspabi_slll_5                          
000164d8  __mspabi_slll_4                          
000164dc  __mspabi_slll_3                          
000164e0  __mspabi_slll_2                          
000164e4  __mspabi_slll_1                          
000164ea  __mspabi_srll_15                         
000164ee  __mspabi_srll_14                         
000164f2  __mspabi_srll_13                         
000164f6  __mspabi_srll_12                         
000164fa  __mspabi_srll_11                         
000164fe  __mspabi_srll_10                         
00016502  __mspabi_srll_9                          
00016506  __mspabi_srll_8                          
0001650a  __mspabi_srll_7                          
0001650e  __mspabi_srll_6                          
00016512  __mspabi_srll_5                          
00016516  __mspabi_srll_4                          
0001651a  __mspabi_srll_3                          
0001651e  __mspabi_srll_2                          
00016522  __mspabi_srll_1                          
00016528  __mspabi_sllll                           
00016562  __mspabi_srlll                           
0001659c  SetVCore                                 
000165d2  __mspabi_subd                            
00016604  __mspabi_negd                            
00016632  copysign                                 
00016632  copysignl                                
00016660  __mspabi_mpyull_f5hw                     
0001668c  __mspabi_divi                            
0001668c  __mspabi_remi                            
000166b8  __mspabi_fixdi                           
000166e0  fputs                                    
00016706  memccpy                                  
0001672c  __mspabi_mpyl_f5hw                       
00016750  ADS1118_Init                             
00016772  TLV5638_Init                             
00016790  strchr                                   
000167ac  __mspabi_mpyi_f5hw                       
000167c4  memset                                   
000167da  __mspabi_divu                            
000167da  __mspabi_remu                            
000167f0  send_end                                 
00016806  wcslen                                   
0001681c  memcpy                                   
00016830  __mspabi_fixdu                           
00016842  __TI_decompress_none                     
00016854  toupper                                  
00016866  __mspabi_sral                            
00016876  __mspabi_slll                            
00016886  __mspabi_srll                            
00016896  strlen                                   
000168a4  __mspabi_fltid                           
000168b0  fputc                                    
000168bc  abs                                      
000168c6  __mspabi_slli                            
000168d6  C$$EXIT                                  
000168d6  abort                                    
000168e0  _system_pre_init                         
000168e4  _nop                                     
000168e6  _system_post_cinit                       
ffffffff  __TI_pprof_out_hndl                      
ffffffff  __TI_prof_data_size                      
ffffffff  __TI_prof_data_start                     
ffffffff  __c_args__                               

[1090 symbols]
