<?xml version="1.0" encoding="ISO-8859-1" ?>
<link_info>
   <banner>MSP430 Linker PC v21.6.0.LTS</banner>
   <copyright>Copyright (c) 2003-2018 Texas Instruments Incorporated</copyright>
   <link_time>0x64ce412e</link_time>
   <link_errors>0x0</link_errors>
   <output_file>F_2017_6638.out</output_file>
   <entry_point>
      <name>_c_int00_noargs</name>
      <address>0xa14a</address>
   </entry_point>
   <input_file_list>
      <input_file id="fl-2">
         <path>.\</path>
         <kind>object</kind>
         <file>9910.obj</file>
         <name>9910.obj</name>
      </input_file>
      <input_file id="fl-3">
         <path>.\</path>
         <kind>object</kind>
         <file>AD9910.obj</file>
         <name>AD9910.obj</name>
      </input_file>
      <input_file id="fl-4">
         <path>.\</path>
         <kind>object</kind>
         <file>ADF4351.obj</file>
         <name>ADF4351.obj</name>
      </input_file>
      <input_file id="fl-5">
         <path>.\</path>
         <kind>object</kind>
         <file>ADS1118.obj</file>
         <name>ADS1118.obj</name>
      </input_file>
      <input_file id="fl-6">
         <path>.\</path>
         <kind>object</kind>
         <file>DAT_31R5_SP.obj</file>
         <name>DAT_31R5_SP.obj</name>
      </input_file>
      <input_file id="fl-7">
         <path>.\</path>
         <kind>object</kind>
         <file>TLV5638.obj</file>
         <name>TLV5638.obj</name>
      </input_file>
      <input_file id="fl-8">
         <path>.\</path>
         <kind>object</kind>
         <file>main.obj</file>
         <name>main.obj</name>
      </input_file>
      <input_file id="fl-9">
         <path>.\src\</path>
         <kind>object</kind>
         <file>setclock.obj</file>
         <name>setclock.obj</name>
      </input_file>
      <input_file id="fl-f">
         <kind>object</kind>
         <file>&lt;internal&gt;</file>
         <name>&lt;internal&gt;</name>
      </input_file>
      <input_file id="fl-2a">
         <path>C:\ti\ccs1110\ccs\tools\compiler\ti-cgt-msp430_21.6.0.LTS\lib\</path>
         <kind>archive</kind>
         <file>rts430x_lc_rd_eabi.lib</file>
         <name>s_cos.c.obj</name>
      </input_file>
      <input_file id="fl-2b">
         <path>C:\ti\ccs1110\ccs\tools\compiler\ti-cgt-msp430_21.6.0.LTS\lib\</path>
         <kind>archive</kind>
         <file>rts430x_lc_rd_eabi.lib</file>
         <name>s_round.c.obj</name>
      </input_file>
      <input_file id="fl-2c">
         <path>C:\ti\ccs1110\ccs\tools\compiler\ti-cgt-msp430_21.6.0.LTS\lib\</path>
         <kind>archive</kind>
         <file>rts430x_lc_rd_eabi.lib</file>
         <name>s_sin.c.obj</name>
      </input_file>
      <input_file id="fl-2d">
         <path>C:\ti\ccs1110\ccs\tools\compiler\ti-cgt-msp430_21.6.0.LTS\lib\</path>
         <kind>archive</kind>
         <file>rts430x_lc_rd_eabi.lib</file>
         <name>printf.c.obj</name>
      </input_file>
      <input_file id="fl-2e">
         <path>C:\ti\ccs1110\ccs\tools\compiler\ti-cgt-msp430_21.6.0.LTS\lib\</path>
         <kind>archive</kind>
         <file>rts430x_lc_rd_eabi.lib</file>
         <name>_printfi.c.obj</name>
      </input_file>
      <input_file id="fl-2f">
         <path>C:\ti\ccs1110\ccs\tools\compiler\ti-cgt-msp430_21.6.0.LTS\lib\</path>
         <kind>archive</kind>
         <file>rts430x_lc_rd_eabi.lib</file>
         <name>div16u.asm.obj</name>
      </input_file>
      <input_file id="fl-30">
         <path>C:\ti\ccs1110\ccs\tools\compiler\ti-cgt-msp430_21.6.0.LTS\lib\</path>
         <kind>archive</kind>
         <file>rts430x_lc_rd_eabi.lib</file>
         <name>div32u.asm.obj</name>
      </input_file>
      <input_file id="fl-31">
         <path>C:\ti\ccs1110\ccs\tools\compiler\ti-cgt-msp430_21.6.0.LTS\lib\</path>
         <kind>archive</kind>
         <file>rts430x_lc_rd_eabi.lib</file>
         <name>fs_add.asm.obj</name>
      </input_file>
      <input_file id="fl-32">
         <path>C:\ti\ccs1110\ccs\tools\compiler\ti-cgt-msp430_21.6.0.LTS\lib\</path>
         <kind>archive</kind>
         <file>rts430x_lc_rd_eabi.lib</file>
         <name>fs_itof.asm.obj</name>
      </input_file>
      <input_file id="fl-33">
         <path>C:\ti\ccs1110\ccs\tools\compiler\ti-cgt-msp430_21.6.0.LTS\lib\</path>
         <kind>archive</kind>
         <file>rts430x_lc_rd_eabi.lib</file>
         <name>fs_toi.asm.obj</name>
      </input_file>
      <input_file id="fl-34">
         <path>C:\ti\ccs1110\ccs\tools\compiler\ti-cgt-msp430_21.6.0.LTS\lib\</path>
         <kind>archive</kind>
         <file>rts430x_lc_rd_eabi.lib</file>
         <name>int37.asm.obj</name>
      </input_file>
      <input_file id="fl-35">
         <path>C:\ti\ccs1110\ccs\tools\compiler\ti-cgt-msp430_21.6.0.LTS\lib\</path>
         <kind>archive</kind>
         <file>rts430x_lc_rd_eabi.lib</file>
         <name>int38.asm.obj</name>
      </input_file>
      <input_file id="fl-36">
         <path>C:\ti\ccs1110\ccs\tools\compiler\ti-cgt-msp430_21.6.0.LTS\lib\</path>
         <kind>archive</kind>
         <file>rts430x_lc_rd_eabi.lib</file>
         <name>int39.asm.obj</name>
      </input_file>
      <input_file id="fl-37">
         <path>C:\ti\ccs1110\ccs\tools\compiler\ti-cgt-msp430_21.6.0.LTS\lib\</path>
         <kind>archive</kind>
         <file>rts430x_lc_rd_eabi.lib</file>
         <name>int40.asm.obj</name>
      </input_file>
      <input_file id="fl-38">
         <path>C:\ti\ccs1110\ccs\tools\compiler\ti-cgt-msp430_21.6.0.LTS\lib\</path>
         <kind>archive</kind>
         <file>rts430x_lc_rd_eabi.lib</file>
         <name>int41.asm.obj</name>
      </input_file>
      <input_file id="fl-39">
         <path>C:\ti\ccs1110\ccs\tools\compiler\ti-cgt-msp430_21.6.0.LTS\lib\</path>
         <kind>archive</kind>
         <file>rts430x_lc_rd_eabi.lib</file>
         <name>int42.asm.obj</name>
      </input_file>
      <input_file id="fl-3a">
         <path>C:\ti\ccs1110\ccs\tools\compiler\ti-cgt-msp430_21.6.0.LTS\lib\</path>
         <kind>archive</kind>
         <file>rts430x_lc_rd_eabi.lib</file>
         <name>int43.asm.obj</name>
      </input_file>
      <input_file id="fl-3b">
         <path>C:\ti\ccs1110\ccs\tools\compiler\ti-cgt-msp430_21.6.0.LTS\lib\</path>
         <kind>archive</kind>
         <file>rts430x_lc_rd_eabi.lib</file>
         <name>int44.asm.obj</name>
      </input_file>
      <input_file id="fl-3c">
         <path>C:\ti\ccs1110\ccs\tools\compiler\ti-cgt-msp430_21.6.0.LTS\lib\</path>
         <kind>archive</kind>
         <file>rts430x_lc_rd_eabi.lib</file>
         <name>int45.asm.obj</name>
      </input_file>
      <input_file id="fl-3d">
         <path>C:\ti\ccs1110\ccs\tools\compiler\ti-cgt-msp430_21.6.0.LTS\lib\</path>
         <kind>archive</kind>
         <file>rts430x_lc_rd_eabi.lib</file>
         <name>int46.asm.obj</name>
      </input_file>
      <input_file id="fl-3e">
         <path>C:\ti\ccs1110\ccs\tools\compiler\ti-cgt-msp430_21.6.0.LTS\lib\</path>
         <kind>archive</kind>
         <file>rts430x_lc_rd_eabi.lib</file>
         <name>int47.asm.obj</name>
      </input_file>
      <input_file id="fl-3f">
         <path>C:\ti\ccs1110\ccs\tools\compiler\ti-cgt-msp430_21.6.0.LTS\lib\</path>
         <kind>archive</kind>
         <file>rts430x_lc_rd_eabi.lib</file>
         <name>int48.asm.obj</name>
      </input_file>
      <input_file id="fl-40">
         <path>C:\ti\ccs1110\ccs\tools\compiler\ti-cgt-msp430_21.6.0.LTS\lib\</path>
         <kind>archive</kind>
         <file>rts430x_lc_rd_eabi.lib</file>
         <name>int49.asm.obj</name>
      </input_file>
      <input_file id="fl-41">
         <path>C:\ti\ccs1110\ccs\tools\compiler\ti-cgt-msp430_21.6.0.LTS\lib\</path>
         <kind>archive</kind>
         <file>rts430x_lc_rd_eabi.lib</file>
         <name>int50.asm.obj</name>
      </input_file>
      <input_file id="fl-42">
         <path>C:\ti\ccs1110\ccs\tools\compiler\ti-cgt-msp430_21.6.0.LTS\lib\</path>
         <kind>archive</kind>
         <file>rts430x_lc_rd_eabi.lib</file>
         <name>int51.asm.obj</name>
      </input_file>
      <input_file id="fl-43">
         <path>C:\ti\ccs1110\ccs\tools\compiler\ti-cgt-msp430_21.6.0.LTS\lib\</path>
         <kind>archive</kind>
         <file>rts430x_lc_rd_eabi.lib</file>
         <name>int52.asm.obj</name>
      </input_file>
      <input_file id="fl-44">
         <path>C:\ti\ccs1110\ccs\tools\compiler\ti-cgt-msp430_21.6.0.LTS\lib\</path>
         <kind>archive</kind>
         <file>rts430x_lc_rd_eabi.lib</file>
         <name>int53.asm.obj</name>
      </input_file>
      <input_file id="fl-45">
         <path>C:\ti\ccs1110\ccs\tools\compiler\ti-cgt-msp430_21.6.0.LTS\lib\</path>
         <kind>archive</kind>
         <file>rts430x_lc_rd_eabi.lib</file>
         <name>int54.asm.obj</name>
      </input_file>
      <input_file id="fl-46">
         <path>C:\ti\ccs1110\ccs\tools\compiler\ti-cgt-msp430_21.6.0.LTS\lib\</path>
         <kind>archive</kind>
         <file>rts430x_lc_rd_eabi.lib</file>
         <name>int55.asm.obj</name>
      </input_file>
      <input_file id="fl-47">
         <path>C:\ti\ccs1110\ccs\tools\compiler\ti-cgt-msp430_21.6.0.LTS\lib\</path>
         <kind>archive</kind>
         <file>rts430x_lc_rd_eabi.lib</file>
         <name>int57.asm.obj</name>
      </input_file>
      <input_file id="fl-48">
         <path>C:\ti\ccs1110\ccs\tools\compiler\ti-cgt-msp430_21.6.0.LTS\lib\</path>
         <kind>archive</kind>
         <file>rts430x_lc_rd_eabi.lib</file>
         <name>int58.asm.obj</name>
      </input_file>
      <input_file id="fl-49">
         <path>C:\ti\ccs1110\ccs\tools\compiler\ti-cgt-msp430_21.6.0.LTS\lib\</path>
         <kind>archive</kind>
         <file>rts430x_lc_rd_eabi.lib</file>
         <name>int59.asm.obj</name>
      </input_file>
      <input_file id="fl-4a">
         <path>C:\ti\ccs1110\ccs\tools\compiler\ti-cgt-msp430_21.6.0.LTS\lib\</path>
         <kind>archive</kind>
         <file>rts430x_lc_rd_eabi.lib</file>
         <name>int60.asm.obj</name>
      </input_file>
      <input_file id="fl-4b">
         <path>C:\ti\ccs1110\ccs\tools\compiler\ti-cgt-msp430_21.6.0.LTS\lib\</path>
         <kind>archive</kind>
         <file>rts430x_lc_rd_eabi.lib</file>
         <name>int61.asm.obj</name>
      </input_file>
      <input_file id="fl-4c">
         <path>C:\ti\ccs1110\ccs\tools\compiler\ti-cgt-msp430_21.6.0.LTS\lib\</path>
         <kind>archive</kind>
         <file>rts430x_lc_rd_eabi.lib</file>
         <name>int62.asm.obj</name>
      </input_file>
      <input_file id="fl-4d">
         <path>C:\ti\ccs1110\ccs\tools\compiler\ti-cgt-msp430_21.6.0.LTS\lib\</path>
         <kind>archive</kind>
         <file>rts430x_lc_rd_eabi.lib</file>
         <name>isr_trap.asm.obj</name>
      </input_file>
      <input_file id="fl-4e">
         <path>C:\ti\ccs1110\ccs\tools\compiler\ti-cgt-msp430_21.6.0.LTS\lib\</path>
         <kind>archive</kind>
         <file>rts430x_lc_rd_eabi.lib</file>
         <name>lsl32.asm.obj</name>
      </input_file>
      <input_file id="fl-4f">
         <path>C:\ti\ccs1110\ccs\tools\compiler\ti-cgt-msp430_21.6.0.LTS\lib\</path>
         <kind>archive</kind>
         <file>rts430x_lc_rd_eabi.lib</file>
         <name>lsr32.asm.obj</name>
      </input_file>
      <input_file id="fl-50">
         <path>C:\ti\ccs1110\ccs\tools\compiler\ti-cgt-msp430_21.6.0.LTS\lib\</path>
         <kind>archive</kind>
         <file>rts430x_lc_rd_eabi.lib</file>
         <name>mult16.asm.obj</name>
      </input_file>
      <input_file id="fl-51">
         <path>C:\ti\ccs1110\ccs\tools\compiler\ti-cgt-msp430_21.6.0.LTS\lib\</path>
         <kind>archive</kind>
         <file>rts430x_lc_rd_eabi.lib</file>
         <name>mult16_f5hw.asm.obj</name>
      </input_file>
      <input_file id="fl-52">
         <path>C:\ti\ccs1110\ccs\tools\compiler\ti-cgt-msp430_21.6.0.LTS\lib\</path>
         <kind>archive</kind>
         <file>rts430x_lc_rd_eabi.lib</file>
         <name>mult1632_f5hw.asm.obj</name>
      </input_file>
      <input_file id="fl-53">
         <path>C:\ti\ccs1110\ccs\tools\compiler\ti-cgt-msp430_21.6.0.LTS\lib\</path>
         <kind>archive</kind>
         <file>rts430x_lc_rd_eabi.lib</file>
         <name>mult32_f5hw.asm.obj</name>
      </input_file>
      <input_file id="fl-54">
         <path>C:\ti\ccs1110\ccs\tools\compiler\ti-cgt-msp430_21.6.0.LTS\lib\</path>
         <kind>archive</kind>
         <file>rts430x_lc_rd_eabi.lib</file>
         <name>mult3264_f5hw.asm.obj</name>
      </input_file>
      <input_file id="fl-55">
         <path>C:\ti\ccs1110\ccs\tools\compiler\ti-cgt-msp430_21.6.0.LTS\lib\</path>
         <kind>archive</kind>
         <file>rts430x_lc_rd_eabi.lib</file>
         <name>mult64_f5hw.asm.obj</name>
      </input_file>
      <input_file id="fl-56">
         <path>C:\ti\ccs1110\ccs\tools\compiler\ti-cgt-msp430_21.6.0.LTS\lib\</path>
         <kind>archive</kind>
         <file>rts430x_lc_rd_eabi.lib</file>
         <name>boot.c.obj</name>
      </input_file>
      <input_file id="fl-57">
         <path>C:\ti\ccs1110\ccs\tools\compiler\ti-cgt-msp430_21.6.0.LTS\lib\</path>
         <kind>archive</kind>
         <file>rts430x_lc_rd_eabi.lib</file>
         <name>autoinit.c.obj</name>
      </input_file>
      <input_file id="fl-58">
         <path>C:\ti\ccs1110\ccs\tools\compiler\ti-cgt-msp430_21.6.0.LTS\lib\</path>
         <kind>archive</kind>
         <file>rts430x_lc_rd_eabi.lib</file>
         <name>copy_zero_init.c.obj</name>
      </input_file>
      <input_file id="fl-59">
         <path>C:\ti\ccs1110\ccs\tools\compiler\ti-cgt-msp430_21.6.0.LTS\lib\</path>
         <kind>archive</kind>
         <file>rts430x_lc_rd_eabi.lib</file>
         <name>cpy_tbl.c.obj</name>
      </input_file>
      <input_file id="fl-5a">
         <path>C:\ti\ccs1110\ccs\tools\compiler\ti-cgt-msp430_21.6.0.LTS\lib\</path>
         <kind>archive</kind>
         <file>rts430x_lc_rd_eabi.lib</file>
         <name>mpu_init.c.obj</name>
      </input_file>
      <input_file id="fl-5b">
         <path>C:\ti\ccs1110\ccs\tools\compiler\ti-cgt-msp430_21.6.0.LTS\lib\</path>
         <kind>archive</kind>
         <file>rts430x_lc_rd_eabi.lib</file>
         <name>lsr64.c.obj</name>
      </input_file>
      <input_file id="fl-5c">
         <path>C:\ti\ccs1110\ccs\tools\compiler\ti-cgt-msp430_21.6.0.LTS\lib\</path>
         <kind>archive</kind>
         <file>rts430x_lc_rd_eabi.lib</file>
         <name>div64u.c.obj</name>
      </input_file>
      <input_file id="fl-5d">
         <path>C:\ti\ccs1110\ccs\tools\compiler\ti-cgt-msp430_21.6.0.LTS\lib\</path>
         <kind>archive</kind>
         <file>rts430x_lc_rd_eabi.lib</file>
         <name>pre_init.c.obj</name>
      </input_file>
      <input_file id="fl-5e">
         <path>C:\ti\ccs1110\ccs\tools\compiler\ti-cgt-msp430_21.6.0.LTS\lib\</path>
         <kind>archive</kind>
         <file>rts430x_lc_rd_eabi.lib</file>
         <name>startup.c.obj</name>
      </input_file>
      <input_file id="fl-5f">
         <path>C:\ti\ccs1110\ccs\tools\compiler\ti-cgt-msp430_21.6.0.LTS\lib\</path>
         <kind>archive</kind>
         <file>rts430x_lc_rd_eabi.lib</file>
         <name>copy_decompress_none.c.obj</name>
      </input_file>
      <input_file id="fl-60">
         <path>C:\ti\ccs1110\ccs\tools\compiler\ti-cgt-msp430_21.6.0.LTS\lib\</path>
         <kind>archive</kind>
         <file>rts430x_lc_rd_eabi.lib</file>
         <name>copy_decompress_lzss.c.obj</name>
      </input_file>
      <input_file id="fl-61">
         <path>C:\ti\ccs1110\ccs\tools\compiler\ti-cgt-msp430_21.6.0.LTS\lib\</path>
         <kind>archive</kind>
         <file>rts430x_lc_rd_eabi.lib</file>
         <name>addd.c.obj</name>
      </input_file>
      <input_file id="fl-62">
         <path>C:\ti\ccs1110\ccs\tools\compiler\ti-cgt-msp430_21.6.0.LTS\lib\</path>
         <kind>archive</kind>
         <file>rts430x_lc_rd_eabi.lib</file>
         <name>cmpd.c.obj</name>
      </input_file>
      <input_file id="fl-63">
         <path>C:\ti\ccs1110\ccs\tools\compiler\ti-cgt-msp430_21.6.0.LTS\lib\</path>
         <kind>archive</kind>
         <file>rts430x_lc_rd_eabi.lib</file>
         <name>divd.c.obj</name>
      </input_file>
      <input_file id="fl-64">
         <path>C:\ti\ccs1110\ccs\tools\compiler\ti-cgt-msp430_21.6.0.LTS\lib\</path>
         <kind>archive</kind>
         <file>rts430x_lc_rd_eabi.lib</file>
         <name>fixdi.c.obj</name>
      </input_file>
      <input_file id="fl-65">
         <path>C:\ti\ccs1110\ccs\tools\compiler\ti-cgt-msp430_21.6.0.LTS\lib\</path>
         <kind>archive</kind>
         <file>rts430x_lc_rd_eabi.lib</file>
         <name>fixdli.c.obj</name>
      </input_file>
      <input_file id="fl-66">
         <path>C:\ti\ccs1110\ccs\tools\compiler\ti-cgt-msp430_21.6.0.LTS\lib\</path>
         <kind>archive</kind>
         <file>rts430x_lc_rd_eabi.lib</file>
         <name>fixdu.c.obj</name>
      </input_file>
      <input_file id="fl-67">
         <path>C:\ti\ccs1110\ccs\tools\compiler\ti-cgt-msp430_21.6.0.LTS\lib\</path>
         <kind>archive</kind>
         <file>rts430x_lc_rd_eabi.lib</file>
         <name>fixdul.c.obj</name>
      </input_file>
      <input_file id="fl-68">
         <path>C:\ti\ccs1110\ccs\tools\compiler\ti-cgt-msp430_21.6.0.LTS\lib\</path>
         <kind>archive</kind>
         <file>rts430x_lc_rd_eabi.lib</file>
         <name>fltid.c.obj</name>
      </input_file>
      <input_file id="fl-69">
         <path>C:\ti\ccs1110\ccs\tools\compiler\ti-cgt-msp430_21.6.0.LTS\lib\</path>
         <kind>archive</kind>
         <file>rts430x_lc_rd_eabi.lib</file>
         <name>fltlid.c.obj</name>
      </input_file>
      <input_file id="fl-6a">
         <path>C:\ti\ccs1110\ccs\tools\compiler\ti-cgt-msp430_21.6.0.LTS\lib\</path>
         <kind>archive</kind>
         <file>rts430x_lc_rd_eabi.lib</file>
         <name>frcdivd.c.obj</name>
      </input_file>
      <input_file id="fl-6b">
         <path>C:\ti\ccs1110\ccs\tools\compiler\ti-cgt-msp430_21.6.0.LTS\lib\</path>
         <kind>archive</kind>
         <file>rts430x_lc_rd_eabi.lib</file>
         <name>mpyd.c.obj</name>
      </input_file>
      <input_file id="fl-6c">
         <path>C:\ti\ccs1110\ccs\tools\compiler\ti-cgt-msp430_21.6.0.LTS\lib\</path>
         <kind>archive</kind>
         <file>rts430x_lc_rd_eabi.lib</file>
         <name>negd.c.obj</name>
      </input_file>
      <input_file id="fl-6d">
         <path>C:\ti\ccs1110\ccs\tools\compiler\ti-cgt-msp430_21.6.0.LTS\lib\</path>
         <kind>archive</kind>
         <file>rts430x_lc_rd_eabi.lib</file>
         <name>subd.c.obj</name>
      </input_file>
      <input_file id="fl-6e">
         <path>C:\ti\ccs1110\ccs\tools\compiler\ti-cgt-msp430_21.6.0.LTS\lib\</path>
         <kind>archive</kind>
         <file>rts430x_lc_rd_eabi.lib</file>
         <name>exit.c.obj</name>
      </input_file>
      <input_file id="fl-6f">
         <path>C:\ti\ccs1110\ccs\tools\compiler\ti-cgt-msp430_21.6.0.LTS\lib\</path>
         <kind>archive</kind>
         <file>rts430x_lc_rd_eabi.lib</file>
         <name>_lock.c.obj</name>
      </input_file>
      <input_file id="fl-70">
         <path>C:\ti\ccs1110\ccs\tools\compiler\ti-cgt-msp430_21.6.0.LTS\lib\</path>
         <kind>archive</kind>
         <file>rts430x_lc_rd_eabi.lib</file>
         <name>_ltoa.c.obj</name>
      </input_file>
      <input_file id="fl-71">
         <path>C:\ti\ccs1110\ccs\tools\compiler\ti-cgt-msp430_21.6.0.LTS\lib\</path>
         <kind>archive</kind>
         <file>rts430x_lc_rd_eabi.lib</file>
         <name>args_main.c.obj</name>
      </input_file>
      <input_file id="fl-72">
         <path>C:\ti\ccs1110\ccs\tools\compiler\ti-cgt-msp430_21.6.0.LTS\lib\</path>
         <kind>archive</kind>
         <file>rts430x_lc_rd_eabi.lib</file>
         <name>atoi.c.obj</name>
      </input_file>
      <input_file id="fl-73">
         <path>C:\ti\ccs1110\ccs\tools\compiler\ti-cgt-msp430_21.6.0.LTS\lib\</path>
         <kind>archive</kind>
         <file>rts430x_lc_rd_eabi.lib</file>
         <name>ctype.c.obj</name>
      </input_file>
      <input_file id="fl-74">
         <path>C:\ti\ccs1110\ccs\tools\compiler\ti-cgt-msp430_21.6.0.LTS\lib\</path>
         <kind>archive</kind>
         <file>rts430x_lc_rd_eabi.lib</file>
         <name>defs.c.obj</name>
      </input_file>
      <input_file id="fl-75">
         <path>C:\ti\ccs1110\ccs\tools\compiler\ti-cgt-msp430_21.6.0.LTS\lib\</path>
         <kind>archive</kind>
         <file>rts430x_lc_rd_eabi.lib</file>
         <name>memccpy.c.obj</name>
      </input_file>
      <input_file id="fl-76">
         <path>C:\ti\ccs1110\ccs\tools\compiler\ti-cgt-msp430_21.6.0.LTS\lib\</path>
         <kind>archive</kind>
         <file>rts430x_lc_rd_eabi.lib</file>
         <name>memcpy.c.obj</name>
      </input_file>
      <input_file id="fl-77">
         <path>C:\ti\ccs1110\ccs\tools\compiler\ti-cgt-msp430_21.6.0.LTS\lib\</path>
         <kind>archive</kind>
         <file>rts430x_lc_rd_eabi.lib</file>
         <name>memset.c.obj</name>
      </input_file>
      <input_file id="fl-78">
         <path>C:\ti\ccs1110\ccs\tools\compiler\ti-cgt-msp430_21.6.0.LTS\lib\</path>
         <kind>archive</kind>
         <file>rts430x_lc_rd_eabi.lib</file>
         <name>strchr.c.obj</name>
      </input_file>
      <input_file id="fl-79">
         <path>C:\ti\ccs1110\ccs\tools\compiler\ti-cgt-msp430_21.6.0.LTS\lib\</path>
         <kind>archive</kind>
         <file>rts430x_lc_rd_eabi.lib</file>
         <name>strlen.c.obj</name>
      </input_file>
      <input_file id="fl-7a">
         <path>C:\ti\ccs1110\ccs\tools\compiler\ti-cgt-msp430_21.6.0.LTS\lib\</path>
         <kind>archive</kind>
         <file>rts430x_lc_rd_eabi.lib</file>
         <name>toupper.c.obj</name>
      </input_file>
      <input_file id="fl-7b">
         <path>C:\ti\ccs1110\ccs\tools\compiler\ti-cgt-msp430_21.6.0.LTS\lib\</path>
         <kind>archive</kind>
         <file>rts430x_lc_rd_eabi.lib</file>
         <name>k_rem_pio2.c.obj</name>
      </input_file>
      <input_file id="fl-7c">
         <path>C:\ti\ccs1110\ccs\tools\compiler\ti-cgt-msp430_21.6.0.LTS\lib\</path>
         <kind>archive</kind>
         <file>rts430x_lc_rd_eabi.lib</file>
         <name>errno.c.obj</name>
      </input_file>
      <input_file id="fl-7d">
         <path>C:\ti\ccs1110\ccs\tools\compiler\ti-cgt-msp430_21.6.0.LTS\lib\</path>
         <kind>archive</kind>
         <file>rts430x_lc_rd_eabi.lib</file>
         <name>abs.c.obj</name>
      </input_file>
      <input_file id="fl-7e">
         <path>C:\ti\ccs1110\ccs\tools\compiler\ti-cgt-msp430_21.6.0.LTS\lib\</path>
         <kind>archive</kind>
         <file>rts430x_lc_rd_eabi.lib</file>
         <name>wcslen.c.obj</name>
      </input_file>
      <input_file id="fl-7f">
         <path>C:\ti\ccs1110\ccs\tools\compiler\ti-cgt-msp430_21.6.0.LTS\lib\</path>
         <kind>archive</kind>
         <file>rts430x_lc_rd_eabi.lib</file>
         <name>k_cos.c.obj</name>
      </input_file>
      <input_file id="fl-80">
         <path>C:\ti\ccs1110\ccs\tools\compiler\ti-cgt-msp430_21.6.0.LTS\lib\</path>
         <kind>archive</kind>
         <file>rts430x_lc_rd_eabi.lib</file>
         <name>k_sin.c.obj</name>
      </input_file>
      <input_file id="fl-81">
         <path>C:\ti\ccs1110\ccs\tools\compiler\ti-cgt-msp430_21.6.0.LTS\lib\</path>
         <kind>archive</kind>
         <file>rts430x_lc_rd_eabi.lib</file>
         <name>s_floor.c.obj</name>
      </input_file>
      <input_file id="fl-82">
         <path>C:\ti\ccs1110\ccs\tools\compiler\ti-cgt-msp430_21.6.0.LTS\lib\</path>
         <kind>archive</kind>
         <file>rts430x_lc_rd_eabi.lib</file>
         <name>s_frexp.c.obj</name>
      </input_file>
      <input_file id="fl-83">
         <path>C:\ti\ccs1110\ccs\tools\compiler\ti-cgt-msp430_21.6.0.LTS\lib\</path>
         <kind>archive</kind>
         <file>rts430x_lc_rd_eabi.lib</file>
         <name>s_scalbn.c.obj</name>
      </input_file>
      <input_file id="fl-84">
         <path>C:\ti\ccs1110\ccs\tools\compiler\ti-cgt-msp430_21.6.0.LTS\lib\</path>
         <kind>archive</kind>
         <file>rts430x_lc_rd_eabi.lib</file>
         <name>asr32.asm.obj</name>
      </input_file>
      <input_file id="fl-85">
         <path>C:\ti\ccs1110\ccs\tools\compiler\ti-cgt-msp430_21.6.0.LTS\lib\</path>
         <kind>archive</kind>
         <file>rts430x_lc_rd_eabi.lib</file>
         <name>div16s.asm.obj</name>
      </input_file>
      <input_file id="fl-86">
         <path>C:\ti\ccs1110\ccs\tools\compiler\ti-cgt-msp430_21.6.0.LTS\lib\</path>
         <kind>archive</kind>
         <file>rts430x_lc_rd_eabi.lib</file>
         <name>div32s.asm.obj</name>
      </input_file>
      <input_file id="fl-87">
         <path>C:\ti\ccs1110\ccs\tools\compiler\ti-cgt-msp430_21.6.0.LTS\lib\</path>
         <kind>archive</kind>
         <file>rts430x_lc_rd_eabi.lib</file>
         <name>lsl16.asm.obj</name>
      </input_file>
      <input_file id="fl-88">
         <path>C:\ti\ccs1110\ccs\tools\compiler\ti-cgt-msp430_21.6.0.LTS\lib\</path>
         <kind>archive</kind>
         <file>rts430x_lc_rd_eabi.lib</file>
         <name>mult32.asm.obj</name>
      </input_file>
      <input_file id="fl-89">
         <path>C:\ti\ccs1110\ccs\tools\compiler\ti-cgt-msp430_21.6.0.LTS\lib\</path>
         <kind>archive</kind>
         <file>rts430x_lc_rd_eabi.lib</file>
         <name>exit_gvars.c.obj</name>
      </input_file>
      <input_file id="fl-8a">
         <path>C:\ti\ccs1110\ccs\tools\compiler\ti-cgt-msp430_21.6.0.LTS\lib\</path>
         <kind>archive</kind>
         <file>rts430x_lc_rd_eabi.lib</file>
         <name>asr64.c.obj</name>
      </input_file>
      <input_file id="fl-8b">
         <path>C:\ti\ccs1110\ccs\tools\compiler\ti-cgt-msp430_21.6.0.LTS\lib\</path>
         <kind>archive</kind>
         <file>rts430x_lc_rd_eabi.lib</file>
         <name>lsl64.c.obj</name>
      </input_file>
      <input_file id="fl-8c">
         <path>C:\ti\ccs1110\ccs\tools\compiler\ti-cgt-msp430_21.6.0.LTS\lib\</path>
         <kind>archive</kind>
         <file>rts430x_lc_rd_eabi.lib</file>
         <name>frcmpyd.c.obj</name>
      </input_file>
      <input_file id="fl-8d">
         <path>C:\ti\ccs1110\ccs\tools\compiler\ti-cgt-msp430_21.6.0.LTS\lib\</path>
         <kind>archive</kind>
         <file>rts430x_lc_rd_eabi.lib</file>
         <name>s_copysign.c.obj</name>
      </input_file>
      <input_file id="fl-8e">
         <path>C:\ti\ccs1110\ccs\tools\compiler\ti-cgt-msp430_21.6.0.LTS\lib\</path>
         <kind>archive</kind>
         <file>rts430x_lc_rd_eabi.lib</file>
         <name>mult3264.asm.obj</name>
      </input_file>
      <input_file id="fl-8f">
         <path>C:\ti\ccs1110\ccs\tools\compiler\ti-cgt-msp430_21.6.0.LTS\lib\</path>
         <kind>archive</kind>
         <file>rts430x_lc_rd_eabi.lib</file>
         <name>mult64.asm.obj</name>
      </input_file>
      <input_file id="fl-90">
         <path>C:\ti\ccs1110\ccs\tools\compiler\ti-cgt-msp430_21.6.0.LTS\lib\</path>
         <kind>archive</kind>
         <file>rts430x_lc_rd_eabi.lib</file>
         <name>mult1632.asm.obj</name>
      </input_file>
   </input_file_list>
   <object_component_list>
      <object_component id="oc-564">
         <name>.data:control_num_1118</name>
         <load_address>0x2516</load_address>
         <run_address>0x2516</run_address>
         <size>0x20</size>
         <input_file_ref idref="fl-5"/>
      </object_component>
      <object_component id="oc-567">
         <name>.data:data</name>
         <load_address>0x2536</load_address>
         <run_address>0x2536</run_address>
         <size>0x20</size>
         <input_file_ref idref="fl-5"/>
      </object_component>
      <object_component id="oc-4c1">
         <name>.data</name>
         <load_address>0x2556</load_address>
         <run_address>0x2556</run_address>
         <size>0x4</size>
         <input_file_ref idref="fl-5"/>
      </object_component>
      <object_component id="oc-48e">
         <name>.data:str</name>
         <load_address>0x2564</load_address>
         <run_address>0x2564</run_address>
         <size>0x2</size>
         <input_file_ref idref="fl-8"/>
      </object_component>
      <object_component id="oc-48b">
         <name>.data</name>
         <load_address>0x24c8</load_address>
         <run_address>0x24c8</run_address>
         <size>0x4e</size>
         <input_file_ref idref="fl-8"/>
      </object_component>
      <object_component id="oc-57a">
         <name>.data:_lock</name>
         <load_address>0x255a</load_address>
         <run_address>0x255a</run_address>
         <size>0x4</size>
         <input_file_ref idref="fl-6f"/>
      </object_component>
      <object_component id="oc-58d">
         <name>.data:_unlock</name>
         <load_address>0x255e</load_address>
         <run_address>0x255e</run_address>
         <size>0x4</size>
         <input_file_ref idref="fl-6f"/>
      </object_component>
      <object_component id="oc-57d">
         <name>.data:_ftable</name>
         <load_address>0x2400</load_address>
         <run_address>0x2400</run_address>
         <size>0xc8</size>
         <input_file_ref idref="fl-74"/>
      </object_component>
      <object_component id="oc-79d">
         <name>.data</name>
         <load_address>0x2562</load_address>
         <run_address>0x2562</run_address>
         <size>0x2</size>
         <input_file_ref idref="fl-7c"/>
      </object_component>
      <object_component id="oc-416">
         <name>.stack</name>
         <uninitialized>true</uninitialized>
         <run_address>0x6360</run_address>
         <size>0x4</size>
         <input_file_ref idref="fl-56"/>
      </object_component>
      <object_component id="oc-991">
         <name>.stack</name>
         <uninitialized>true</uninitialized>
         <run_address>0x6360</run_address>
         <size>0x0</size>
      </object_component>
      <object_component id="oc-5a4">
         <name>.text:__kernel_rem_pio2</name>
         <load_address>0x10000</load_address>
         <run_address>0x10000</run_address>
         <size>0xdb6</size>
         <input_file_ref idref="fl-7b"/>
      </object_component>
      <object_component id="oc-4d1">
         <name>.text:sin</name>
         <load_address>0x10db6</load_address>
         <run_address>0x10db6</run_address>
         <size>0x8d8</size>
         <input_file_ref idref="fl-2c"/>
      </object_component>
      <object_component id="oc-4d7">
         <name>.text:cos</name>
         <load_address>0x1168e</load_address>
         <run_address>0x1168e</run_address>
         <size>0x8d2</size>
         <input_file_ref idref="fl-2a"/>
      </object_component>
      <object_component id="oc-4af">
         <name>.text:__mspabi_addd</name>
         <load_address>0x11f60</load_address>
         <run_address>0x11f60</run_address>
         <size>0x72a</size>
         <input_file_ref idref="fl-61"/>
      </object_component>
      <object_component id="oc-52a">
         <name>.text:__TI_frcdivd</name>
         <load_address>0x1268a</load_address>
         <run_address>0x1268a</run_address>
         <size>0x466</size>
         <input_file_ref idref="fl-6a"/>
      </object_component>
      <object_component id="oc-898">
         <name>.text:__mspabi_divull</name>
         <load_address>0x12af0</load_address>
         <run_address>0x12af0</run_address>
         <size>0x34e</size>
         <input_file_ref idref="fl-5c"/>
      </object_component>
      <object_component id="oc-598">
         <name>.text:__kernel_sin</name>
         <load_address>0x12e3e</load_address>
         <run_address>0x12e3e</run_address>
         <size>0x2a8</size>
         <input_file_ref idref="fl-80"/>
      </object_component>
      <object_component id="oc-6a2">
         <name>.text:__TI_printfi:__TI_printfi</name>
         <load_address>0x130e6</load_address>
         <run_address>0x130e6</run_address>
         <size>0x2a6</size>
         <input_file_ref idref="fl-2e"/>
      </object_component>
      <object_component id="oc-49d">
         <name>.text:__mspabi_mpyd</name>
         <load_address>0x1338c</load_address>
         <run_address>0x1338c</run_address>
         <size>0x298</size>
         <input_file_ref idref="fl-6b"/>
      </object_component>
      <object_component id="oc-77e">
         <name>.text:__TI_printfi:_setfield___TI_printfi</name>
         <load_address>0x13624</load_address>
         <run_address>0x13624</run_address>
         <size>0x27a</size>
         <input_file_ref idref="fl-2e"/>
      </object_component>
      <object_component id="oc-81f">
         <name>.text:_pproc_fgea</name>
         <load_address>0x1389e</load_address>
         <run_address>0x1389e</run_address>
         <size>0x268</size>
         <input_file_ref idref="fl-2e"/>
      </object_component>
      <object_component id="oc-5b0">
         <name>.text:__kernel_cos</name>
         <load_address>0x13b06</load_address>
         <run_address>0x13b06</run_address>
         <size>0x264</size>
         <input_file_ref idref="fl-7f"/>
      </object_component>
      <object_component id="oc-8d6">
         <name>.text:acvt</name>
         <load_address>0x13d6a</load_address>
         <run_address>0x13d6a</run_address>
         <size>0x224</size>
         <input_file_ref idref="fl-2e"/>
      </object_component>
      <object_component id="oc-4a3">
         <name>.text:__mspabi_divd</name>
         <load_address>0x13f8e</load_address>
         <run_address>0x13f8e</run_address>
         <size>0x222</size>
         <input_file_ref idref="fl-63"/>
      </object_component>
      <object_component id="oc-85d">
         <name>.text:__TI_printfi:_getarg_diouxp___TI_printfi</name>
         <load_address>0x141b0</load_address>
         <run_address>0x141b0</run_address>
         <size>0x20c</size>
         <input_file_ref idref="fl-2e"/>
      </object_component>
      <object_component id="oc-8af">
         <name>.text:ecvt</name>
         <load_address>0x143bc</load_address>
         <run_address>0x143bc</run_address>
         <size>0x1e6</size>
         <input_file_ref idref="fl-2e"/>
      </object_component>
      <object_component id="oc-8c2">
         <name>.text:fcvt</name>
         <load_address>0x145a2</load_address>
         <run_address>0x145a2</run_address>
         <size>0x1c8</size>
         <input_file_ref idref="fl-2e"/>
      </object_component>
      <object_component id="oc-65d">
         <name>.text:floor</name>
         <load_address>0x1476a</load_address>
         <run_address>0x1476a</run_address>
         <size>0x1c4</size>
         <input_file_ref idref="fl-81"/>
      </object_component>
      <object_component id="oc-87c">
         <name>.text:_pconv_e</name>
         <load_address>0x1492e</load_address>
         <run_address>0x1492e</run_address>
         <size>0x1a2</size>
         <input_file_ref idref="fl-2e"/>
      </object_component>
      <object_component id="oc-882">
         <name>.text:_pconv_a</name>
         <load_address>0x14ad0</load_address>
         <run_address>0x14ad0</run_address>
         <size>0x170</size>
         <input_file_ref idref="fl-2e"/>
      </object_component>
      <object_component id="oc-522">
         <name>.text:__TI_frcmpyd</name>
         <load_address>0x14c40</load_address>
         <run_address>0x14c40</run_address>
         <size>0x164</size>
         <input_file_ref idref="fl-8c"/>
      </object_component>
      <object_component id="oc-4a9">
         <name>.text:AD9910_SetFreAndAmp</name>
         <load_address>0x14da4</load_address>
         <run_address>0x14da4</run_address>
         <size>0x15a</size>
         <input_file_ref idref="fl-3"/>
      </object_component>
      <object_component id="oc-6c5">
         <name>.text:scalbn</name>
         <load_address>0x14efe</load_address>
         <run_address>0x14efe</run_address>
         <size>0x15a</size>
         <input_file_ref idref="fl-83"/>
      </object_component>
      <object_component id="oc-819">
         <name>.text:__TI_printfi:_pproc_diouxp___TI_printfi</name>
         <load_address>0x15058</load_address>
         <run_address>0x15058</run_address>
         <size>0x148</size>
         <input_file_ref idref="fl-2e"/>
      </object_component>
      <object_component id="oc-863">
         <name>.text:__TI_printfi:_ltostr___TI_printfi</name>
         <load_address>0x151a0</load_address>
         <run_address>0x151a0</run_address>
         <size>0x128</size>
         <input_file_ref idref="fl-2e"/>
      </object_component>
      <object_component id="oc-538">
         <name>.text:round</name>
         <load_address>0x152c8</load_address>
         <run_address>0x152c8</run_address>
         <size>0x106</size>
         <input_file_ref idref="fl-2b"/>
      </object_component>
      <object_component id="oc-870">
         <name>.text:_pconv_g</name>
         <load_address>0x153ce</load_address>
         <run_address>0x153ce</run_address>
         <size>0xfc</size>
         <input_file_ref idref="fl-2e"/>
      </object_component>
      <object_component id="oc-778">
         <name>.text:__TI_printfi:_pproc_fwp___TI_printfi</name>
         <load_address>0x154ca</load_address>
         <run_address>0x154ca</run_address>
         <size>0xea</size>
         <input_file_ref idref="fl-2e"/>
      </object_component>
      <object_component id="oc-54a">
         <name>.text:AD9910_Send64Bit</name>
         <load_address>0x155b4</load_address>
         <run_address>0x155b4</run_address>
         <size>0xe6</size>
         <input_file_ref idref="fl-3"/>
      </object_component>
      <object_component id="oc-497">
         <name>.text:__mspabi_cmpd</name>
         <load_address>0x1569a</load_address>
         <run_address>0x1569a</run_address>
         <size>0xd8</size>
         <input_file_ref idref="fl-62"/>
      </object_component>
      <object_component id="oc-78a">
         <name>.text:__TI_printfi:_pproc_wstr___TI_printfi</name>
         <load_address>0x15772</load_address>
         <run_address>0x15772</run_address>
         <size>0xc8</size>
         <input_file_ref idref="fl-2e"/>
      </object_component>
      <object_component id="oc-7b5">
         <name>.text:SetVCoreUp</name>
         <load_address>0x1583a</load_address>
         <run_address>0x1583a</run_address>
         <size>0xc2</size>
         <input_file_ref idref="fl-9"/>
      </object_component>
      <object_component id="oc-4b5">
         <name>.text:ADS1118_write_read</name>
         <load_address>0x158fc</load_address>
         <run_address>0x158fc</run_address>
         <size>0xae</size>
         <input_file_ref idref="fl-5"/>
      </object_component>
      <object_component id="oc-784">
         <name>.text:__TI_printfi:_pproc_str___TI_printfi</name>
         <load_address>0x159aa</load_address>
         <run_address>0x159aa</run_address>
         <size>0xa6</size>
         <input_file_ref idref="fl-2e"/>
      </object_component>
      <object_component id="oc-8d0">
         <name>.text:frexp</name>
         <load_address>0x15a50</load_address>
         <run_address>0x15a50</run_address>
         <size>0xa6</size>
         <input_file_ref idref="fl-82"/>
      </object_component>
      <object_component id="oc-4c4">
         <name>.text:__mspabi_fltlid</name>
         <load_address>0x15af6</load_address>
         <run_address>0x15af6</run_address>
         <size>0x9e</size>
         <input_file_ref idref="fl-69"/>
      </object_component>
      <object_component id="oc-6f3">
         <name>.text:AD9910_GPIO_INIT_F6638</name>
         <load_address>0x15b94</load_address>
         <run_address>0x15b94</run_address>
         <size>0x9a</size>
         <input_file_ref idref="fl-3"/>
      </object_component>
      <object_component id="oc-544">
         <name>.text:AD9910_Send32Bit</name>
         <load_address>0x15c2e</load_address>
         <run_address>0x15c2e</run_address>
         <size>0x96</size>
         <input_file_ref idref="fl-3"/>
      </object_component>
      <object_component id="oc-8b5">
         <name>.text:_ecpy</name>
         <load_address>0x15cc4</load_address>
         <run_address>0x15cc4</run_address>
         <size>0x90</size>
         <input_file_ref idref="fl-2e"/>
      </object_component>
      <object_component id="oc-8bb">
         <name>.text:_mcpy</name>
         <load_address>0x15d54</load_address>
         <run_address>0x15d54</run_address>
         <size>0x90</size>
         <input_file_ref idref="fl-2e"/>
      </object_component>
      <object_component id="oc-4ec">
         <name>.text:main</name>
         <load_address>0x15de4</load_address>
         <run_address>0x15de4</run_address>
         <size>0x86</size>
         <input_file_ref idref="fl-8"/>
      </object_component>
      <object_component id="oc-8e9">
         <name>.text:__TI_ltoa</name>
         <load_address>0x15e6a</load_address>
         <run_address>0x15e6a</run_address>
         <size>0x80</size>
         <input_file_ref idref="fl-70"/>
      </object_component>
      <object_component id="oc-876">
         <name>.text:_pconv_f</name>
         <load_address>0x15eea</load_address>
         <run_address>0x15eea</run_address>
         <size>0x78</size>
         <input_file_ref idref="fl-2e"/>
      </object_component>
      <object_component id="oc-71">
         <name>.text:decompress:lzss:__TI_decompress_lzss</name>
         <load_address>0x15f62</load_address>
         <run_address>0x15f62</run_address>
         <size>0x76</size>
         <input_file_ref idref="fl-60"/>
      </object_component>
      <object_component id="oc-532">
         <name>.text:__mspabi_fixdul</name>
         <load_address>0x15fd8</load_address>
         <run_address>0x15fd8</run_address>
         <size>0x68</size>
         <input_file_ref idref="fl-67"/>
      </object_component>
      <object_component id="oc-59e">
         <name>.text:__mspabi_fixdli</name>
         <load_address>0x16040</load_address>
         <run_address>0x16040</run_address>
         <size>0x66</size>
         <input_file_ref idref="fl-65"/>
      </object_component>
      <object_component id="oc-802">
         <name>.text:atoi</name>
         <load_address>0x160a6</load_address>
         <run_address>0x160a6</run_address>
         <size>0x62</size>
         <input_file_ref idref="fl-72"/>
      </object_component>
      <object_component id="oc-5c8">
         <name>.text:init_uart</name>
         <load_address>0x16108</load_address>
         <run_address>0x16108</run_address>
         <size>0x60</size>
         <input_file_ref idref="fl-8"/>
      </object_component>
      <object_component id="oc-631">
         <name>.text:__mpyll</name>
         <load_address>0x16168</load_address>
         <run_address>0x16168</run_address>
         <size>0x5c</size>
         <input_file_ref idref="fl-55"/>
      </object_component>
      <object_component id="oc-89e">
         <name>.text</name>
         <load_address>0x161c4</load_address>
         <run_address>0x161c4</run_address>
         <size>0x58</size>
         <input_file_ref idref="fl-30"/>
      </object_component>
      <object_component id="oc-5ce">
         <name>.text:AD9910_Init_F6638</name>
         <load_address>0x1621c</load_address>
         <run_address>0x1621c</run_address>
         <size>0x54</size>
         <input_file_ref idref="fl-3"/>
      </object_component>
      <object_component id="oc-5c2">
         <name>.text:SetClock_MCLK12MHZ_SMCLK12MHZ_ACLK32_768K</name>
         <load_address>0x16270</load_address>
         <run_address>0x16270</run_address>
         <size>0x54</size>
         <input_file_ref idref="fl-9"/>
      </object_component>
      <object_component id="oc-605">
         <name>.text:__TI_auto_init_nobinit_nopinit_hold_wdt:__TI_auto_init_nobinit_nopinit_hold_wdt</name>
         <load_address>0x162c4</load_address>
         <run_address>0x162c4</run_address>
         <size>0x54</size>
         <input_file_ref idref="fl-57"/>
      </object_component>
      <object_component id="oc-8c8">
         <name>.text:_fcpy</name>
         <load_address>0x16318</load_address>
         <run_address>0x16318</run_address>
         <size>0x4e</size>
         <input_file_ref idref="fl-2e"/>
      </object_component>
      <object_component id="oc-4cb">
         <name>.text:printf</name>
         <load_address>0x16366</load_address>
         <run_address>0x16366</run_address>
         <size>0x4a</size>
         <input_file_ref idref="fl-2d"/>
      </object_component>
      <object_component id="oc-556">
         <name>.text:__mspabi_srall</name>
         <load_address>0x163b0</load_address>
         <run_address>0x163b0</run_address>
         <size>0x40</size>
         <input_file_ref idref="fl-8a"/>
      </object_component>
      <object_component id="oc-90b">
         <name>.text</name>
         <load_address>0x163f0</load_address>
         <run_address>0x163f0</run_address>
         <size>0x40</size>
         <input_file_ref idref="fl-86"/>
      </object_component>
      <object_component id="oc-666">
         <name>.text:AD9910_SendBytes</name>
         <load_address>0x16430</load_address>
         <run_address>0x16430</run_address>
         <size>0x3e</size>
         <input_file_ref idref="fl-3"/>
      </object_component>
      <object_component id="oc-649">
         <name>.text:l_asr_const</name>
         <load_address>0x1646e</load_address>
         <run_address>0x1646e</run_address>
         <size>0x3e</size>
         <input_file_ref idref="fl-84"/>
      </object_component>
      <object_component id="oc-56e">
         <name>.text:l_lsl_const</name>
         <load_address>0x164ac</load_address>
         <run_address>0x164ac</run_address>
         <size>0x3e</size>
         <input_file_ref idref="fl-4e"/>
      </object_component>
      <object_component id="oc-573">
         <name>.text:l_lsr_const</name>
         <load_address>0x164ea</load_address>
         <run_address>0x164ea</run_address>
         <size>0x3e</size>
         <input_file_ref idref="fl-4f"/>
      </object_component>
      <object_component id="oc-55c">
         <name>.text:__mspabi_sllll</name>
         <load_address>0x16528</load_address>
         <run_address>0x16528</run_address>
         <size>0x3a</size>
         <input_file_ref idref="fl-8b"/>
      </object_component>
      <object_component id="oc-63b">
         <name>.text:__mspabi_srlll</name>
         <load_address>0x16562</load_address>
         <run_address>0x16562</run_address>
         <size>0x3a</size>
         <input_file_ref idref="fl-5b"/>
      </object_component>
      <object_component id="oc-6eb">
         <name>.text:SetVCore</name>
         <load_address>0x1659c</load_address>
         <run_address>0x1659c</run_address>
         <size>0x36</size>
         <input_file_ref idref="fl-9"/>
      </object_component>
      <object_component id="oc-491">
         <name>.text:__mspabi_subd</name>
         <load_address>0x165d2</load_address>
         <run_address>0x165d2</run_address>
         <size>0x32</size>
         <input_file_ref idref="fl-6d"/>
      </object_component>
      <object_component id="oc-5aa">
         <name>.text:__mspabi_negd</name>
         <load_address>0x16604</load_address>
         <run_address>0x16604</run_address>
         <size>0x2e</size>
         <input_file_ref idref="fl-6c"/>
      </object_component>
      <object_component id="oc-7a0">
         <name>.text:copysign</name>
         <load_address>0x16632</load_address>
         <run_address>0x16632</run_address>
         <size>0x2e</size>
         <input_file_ref idref="fl-8d"/>
      </object_component>
      <object_component id="oc-636">
         <name>.text:__mpyull</name>
         <load_address>0x16660</load_address>
         <run_address>0x16660</run_address>
         <size>0x2c</size>
         <input_file_ref idref="fl-54"/>
      </object_component>
      <object_component id="oc-6bd">
         <name>.text</name>
         <load_address>0x1668c</load_address>
         <run_address>0x1668c</run_address>
         <size>0x2c</size>
         <input_file_ref idref="fl-85"/>
      </object_component>
      <object_component id="oc-592">
         <name>.text:__mspabi_fixdi</name>
         <load_address>0x166b8</load_address>
         <run_address>0x166b8</run_address>
         <size>0x28</size>
         <input_file_ref idref="fl-64"/>
      </object_component>
      <object_component id="oc-688">
         <name>.text:fputs</name>
         <load_address>0x166e0</load_address>
         <run_address>0x166e0</run_address>
         <size>0x26</size>
         <input_file_ref idref="fl-8"/>
      </object_component>
      <object_component id="oc-7ee">
         <name>.text:memccpy</name>
         <load_address>0x16706</load_address>
         <run_address>0x16706</run_address>
         <size>0x26</size>
         <input_file_ref idref="fl-75"/>
      </object_component>
      <object_component id="oc-644">
         <name>.text</name>
         <load_address>0x1672c</load_address>
         <run_address>0x1672c</run_address>
         <size>0x24</size>
         <input_file_ref idref="fl-53"/>
      </object_component>
      <object_component id="oc-5d4">
         <name>.text:ADS1118_Init</name>
         <load_address>0x16750</load_address>
         <run_address>0x16750</run_address>
         <size>0x22</size>
         <input_file_ref idref="fl-5"/>
      </object_component>
      <object_component id="oc-5da">
         <name>.text:TLV5638_Init</name>
         <load_address>0x16772</load_address>
         <run_address>0x16772</run_address>
         <size>0x1e</size>
         <input_file_ref idref="fl-7"/>
      </object_component>
      <object_component id="oc-8fc">
         <name>.text:strchr</name>
         <load_address>0x16790</load_address>
         <run_address>0x16790</run_address>
         <size>0x1c</size>
         <input_file_ref idref="fl-78"/>
      </object_component>
      <object_component id="oc-64e">
         <name>.text</name>
         <load_address>0x167ac</load_address>
         <run_address>0x167ac</run_address>
         <size>0x18</size>
         <input_file_ref idref="fl-51"/>
      </object_component>
      <object_component id="oc-7e1">
         <name>.text:memset</name>
         <load_address>0x167c4</load_address>
         <run_address>0x167c4</run_address>
         <size>0x16</size>
         <input_file_ref idref="fl-77"/>
      </object_component>
      <object_component id="oc-795">
         <name>.text</name>
         <load_address>0x167da</load_address>
         <run_address>0x167da</run_address>
         <size>0x16</size>
         <input_file_ref idref="fl-2f"/>
      </object_component>
      <object_component id="oc-4bb">
         <name>.text:send_end</name>
         <load_address>0x167f0</load_address>
         <run_address>0x167f0</run_address>
         <size>0x16</size>
         <input_file_ref idref="fl-8"/>
      </object_component>
      <object_component id="oc-811">
         <name>.text:wcslen</name>
         <load_address>0x16806</load_address>
         <run_address>0x16806</run_address>
         <size>0x16</size>
         <input_file_ref idref="fl-7e"/>
      </object_component>
      <object_component id="oc-425">
         <name>.text:memcpy</name>
         <load_address>0x1681c</load_address>
         <run_address>0x1681c</run_address>
         <size>0x14</size>
         <input_file_ref idref="fl-76"/>
      </object_component>
      <object_component id="oc-53e">
         <name>.text:__mspabi_fixdu</name>
         <load_address>0x16830</load_address>
         <run_address>0x16830</run_address>
         <size>0x12</size>
         <input_file_ref idref="fl-66"/>
      </object_component>
      <object_component id="oc-77">
         <name>.text:decompress:none:__TI_decompress_none</name>
         <load_address>0x16842</load_address>
         <run_address>0x16842</run_address>
         <size>0x12</size>
         <input_file_ref idref="fl-5f"/>
      </object_component>
      <object_component id="oc-86a">
         <name>.text:toupper</name>
         <load_address>0x16854</load_address>
         <run_address>0x16854</run_address>
         <size>0x12</size>
         <input_file_ref idref="fl-7a"/>
      </object_component>
      <object_component id="oc-6cb">
         <name>.text:l_asr</name>
         <load_address>0x16866</load_address>
         <run_address>0x16866</run_address>
         <size>0x10</size>
         <input_file_ref idref="fl-84"/>
      </object_component>
      <object_component id="oc-6d0">
         <name>.text:l_lsl</name>
         <load_address>0x16876</load_address>
         <run_address>0x16876</run_address>
         <size>0x10</size>
         <input_file_ref idref="fl-4e"/>
      </object_component>
      <object_component id="oc-657">
         <name>.text:l_lsr</name>
         <load_address>0x16886</load_address>
         <run_address>0x16886</run_address>
         <size>0x10</size>
         <input_file_ref idref="fl-4f"/>
      </object_component>
      <object_component id="oc-744">
         <name>.text:strlen</name>
         <load_address>0x16896</load_address>
         <run_address>0x16896</run_address>
         <size>0xe</size>
         <input_file_ref idref="fl-79"/>
      </object_component>
      <object_component id="oc-902">
         <name>.text:__mspabi_fltid</name>
         <load_address>0x168a4</load_address>
         <run_address>0x168a4</run_address>
         <size>0xc</size>
         <input_file_ref idref="fl-68"/>
      </object_component>
      <object_component id="oc-68f">
         <name>.text:fputc</name>
         <load_address>0x168b0</load_address>
         <run_address>0x168b0</run_address>
         <size>0xc</size>
         <input_file_ref idref="fl-8"/>
      </object_component>
      <object_component id="oc-8f0">
         <name>.text:abs</name>
         <load_address>0x168bc</load_address>
         <run_address>0x168bc</run_address>
         <size>0xa</size>
         <input_file_ref idref="fl-7d"/>
      </object_component>
      <object_component id="oc-733">
         <name>.text</name>
         <load_address>0x168c6</load_address>
         <run_address>0x168c6</run_address>
         <size>0xa</size>
         <input_file_ref idref="fl-87"/>
      </object_component>
      <object_component id="oc-586">
         <name>.text:_outc</name>
         <load_address>0x168d0</load_address>
         <run_address>0x168d0</run_address>
         <size>0x6</size>
         <input_file_ref idref="fl-2d"/>
      </object_component>
      <object_component id="oc-5e1">
         <name>.text:abort</name>
         <load_address>0x168d6</load_address>
         <run_address>0x168d6</run_address>
         <size>0x6</size>
         <input_file_ref idref="fl-6e"/>
      </object_component>
      <object_component id="oc-580">
         <name>.text:_outs</name>
         <load_address>0x168dc</load_address>
         <run_address>0x168dc</run_address>
         <size>0x4</size>
         <input_file_ref idref="fl-2d"/>
      </object_component>
      <object_component id="oc-4e6">
         <name>.text:_system_pre_init</name>
         <load_address>0x168e0</load_address>
         <run_address>0x168e0</run_address>
         <size>0x4</size>
         <input_file_ref idref="fl-5d"/>
      </object_component>
      <object_component id="oc-67b">
         <name>.text:_nop</name>
         <load_address>0x168e4</load_address>
         <run_address>0x168e4</run_address>
         <size>0x2</size>
         <input_file_ref idref="fl-6f"/>
      </object_component>
      <object_component id="oc-708">
         <name>.text:_system_post_cinit</name>
         <load_address>0x168e6</load_address>
         <run_address>0x168e6</run_address>
         <size>0x2</size>
         <input_file_ref idref="fl-5e"/>
      </object_component>
      <object_component id="oc-437">
         <name>.text:_isr:USCI_A0_ISR</name>
         <load_address>0x8000</load_address>
         <run_address>0x8000</run_address>
         <size>0x214a</size>
         <input_file_ref idref="fl-8"/>
      </object_component>
      <object_component id="oc-44f">
         <name>.text:_isr:_c_int00_noargs</name>
         <load_address>0xa14a</load_address>
         <run_address>0xa14a</run_address>
         <size>0x1c</size>
         <input_file_ref idref="fl-56"/>
      </object_component>
      <object_component id="oc-432">
         <name>.text:_isr:__TI_ISR_TRAP</name>
         <load_address>0xa166</load_address>
         <run_address>0xa166</run_address>
         <size>0x8</size>
         <input_file_ref idref="fl-4d"/>
      </object_component>
      <object_component id="oc-990">
         <name>.cinit..data.load</name>
         <load_address>0xa4de</load_address>
         <run_address>0xa4de</run_address>
         <size>0x3e</size>
      </object_component>
      <object_component id="oc-98e">
         <name>__TI_handler_table</name>
         <load_address>0xa51c</load_address>
         <run_address>0xa51c</run_address>
         <size>0x8</size>
      </object_component>
      <object_component id="oc-98f">
         <name>__TI_cinit_table</name>
         <load_address>0xa524</load_address>
         <run_address>0xa524</run_address>
         <size>0x8</size>
      </object_component>
      <object_component id="oc-6c2">
         <name>.const:ipio2</name>
         <load_address>0xa16e</load_address>
         <run_address>0xa16e</run_address>
         <size>0x108</size>
         <input_file_ref idref="fl-7b"/>
      </object_component>
      <object_component id="oc-844">
         <name>.const:.string:_ctypes_</name>
         <load_address>0xa276</load_address>
         <run_address>0xa276</run_address>
         <size>0x101</size>
         <input_file_ref idref="fl-73"/>
      </object_component>
      <object_component id="oc-4ca">
         <name>.const:.string</name>
         <load_address>0xa378</load_address>
         <run_address>0xa378</run_address>
         <size>0xf8</size>
         <input_file_ref idref="fl-8"/>
      </object_component>
      <object_component id="oc-6d5">
         <name>.const:PIo2</name>
         <load_address>0xa470</load_address>
         <run_address>0xa470</run_address>
         <size>0x40</size>
         <input_file_ref idref="fl-7b"/>
      </object_component>
      <object_component id="oc-7e7">
         <name>.const:.string</name>
         <load_address>0xa4b0</load_address>
         <run_address>0xa4b0</run_address>
         <size>0x26</size>
         <input_file_ref idref="fl-2e"/>
      </object_component>
      <object_component id="oc-6ba">
         <name>.const:init_jk</name>
         <load_address>0xa4d6</load_address>
         <run_address>0xa4d6</run_address>
         <size>0x8</size>
         <input_file_ref idref="fl-7b"/>
      </object_component>
      <object_component id="oc-91e">
         <name>.binit</name>
         <load_address>0x8000</load_address>
         <run_address>0x8000</run_address>
         <size>0x0</size>
      </object_component>
      <object_component id="oc-7d">
         <name>.int37</name>
         <load_address>0xffca</load_address>
         <run_address>0xffca</run_address>
         <size>0x2</size>
         <input_file_ref idref="fl-34"/>
      </object_component>
      <object_component id="oc-7e">
         <name>.int38</name>
         <load_address>0xffcc</load_address>
         <run_address>0xffcc</run_address>
         <size>0x2</size>
         <input_file_ref idref="fl-35"/>
      </object_component>
      <object_component id="oc-7f">
         <name>.int39</name>
         <load_address>0xffce</load_address>
         <run_address>0xffce</run_address>
         <size>0x2</size>
         <input_file_ref idref="fl-36"/>
      </object_component>
      <object_component id="oc-80">
         <name>.int40</name>
         <load_address>0xffd0</load_address>
         <run_address>0xffd0</run_address>
         <size>0x2</size>
         <input_file_ref idref="fl-37"/>
      </object_component>
      <object_component id="oc-81">
         <name>.int41</name>
         <load_address>0xffd2</load_address>
         <run_address>0xffd2</run_address>
         <size>0x2</size>
         <input_file_ref idref="fl-38"/>
      </object_component>
      <object_component id="oc-82">
         <name>.int42</name>
         <load_address>0xffd4</load_address>
         <run_address>0xffd4</run_address>
         <size>0x2</size>
         <input_file_ref idref="fl-39"/>
      </object_component>
      <object_component id="oc-83">
         <name>.int43</name>
         <load_address>0xffd6</load_address>
         <run_address>0xffd6</run_address>
         <size>0x2</size>
         <input_file_ref idref="fl-3a"/>
      </object_component>
      <object_component id="oc-84">
         <name>.int44</name>
         <load_address>0xffd8</load_address>
         <run_address>0xffd8</run_address>
         <size>0x2</size>
         <input_file_ref idref="fl-3b"/>
      </object_component>
      <object_component id="oc-85">
         <name>.int45</name>
         <load_address>0xffda</load_address>
         <run_address>0xffda</run_address>
         <size>0x2</size>
         <input_file_ref idref="fl-3c"/>
      </object_component>
      <object_component id="oc-86">
         <name>.int46</name>
         <load_address>0xffdc</load_address>
         <run_address>0xffdc</run_address>
         <size>0x2</size>
         <input_file_ref idref="fl-3d"/>
      </object_component>
      <object_component id="oc-87">
         <name>.int47</name>
         <load_address>0xffde</load_address>
         <run_address>0xffde</run_address>
         <size>0x2</size>
         <input_file_ref idref="fl-3e"/>
      </object_component>
      <object_component id="oc-88">
         <name>.int48</name>
         <load_address>0xffe0</load_address>
         <run_address>0xffe0</run_address>
         <size>0x2</size>
         <input_file_ref idref="fl-3f"/>
      </object_component>
      <object_component id="oc-89">
         <name>.int49</name>
         <load_address>0xffe2</load_address>
         <run_address>0xffe2</run_address>
         <size>0x2</size>
         <input_file_ref idref="fl-40"/>
      </object_component>
      <object_component id="oc-8a">
         <name>.int50</name>
         <load_address>0xffe4</load_address>
         <run_address>0xffe4</run_address>
         <size>0x2</size>
         <input_file_ref idref="fl-41"/>
      </object_component>
      <object_component id="oc-8b">
         <name>.int51</name>
         <load_address>0xffe6</load_address>
         <run_address>0xffe6</run_address>
         <size>0x2</size>
         <input_file_ref idref="fl-42"/>
      </object_component>
      <object_component id="oc-8c">
         <name>.int52</name>
         <load_address>0xffe8</load_address>
         <run_address>0xffe8</run_address>
         <size>0x2</size>
         <input_file_ref idref="fl-43"/>
      </object_component>
      <object_component id="oc-8d">
         <name>.int53</name>
         <load_address>0xffea</load_address>
         <run_address>0xffea</run_address>
         <size>0x2</size>
         <input_file_ref idref="fl-44"/>
      </object_component>
      <object_component id="oc-8e">
         <name>.int54</name>
         <load_address>0xffec</load_address>
         <run_address>0xffec</run_address>
         <size>0x2</size>
         <input_file_ref idref="fl-45"/>
      </object_component>
      <object_component id="oc-8f">
         <name>.int55</name>
         <load_address>0xffee</load_address>
         <run_address>0xffee</run_address>
         <size>0x2</size>
         <input_file_ref idref="fl-46"/>
      </object_component>
      <object_component id="oc-90">
         <name>.int56</name>
         <load_address>0xfff0</load_address>
         <run_address>0xfff0</run_address>
         <size>0x2</size>
         <input_file_ref idref="fl-8"/>
      </object_component>
      <object_component id="oc-91">
         <name>.int57</name>
         <load_address>0xfff2</load_address>
         <run_address>0xfff2</run_address>
         <size>0x2</size>
         <input_file_ref idref="fl-47"/>
      </object_component>
      <object_component id="oc-92">
         <name>.int58</name>
         <load_address>0xfff4</load_address>
         <run_address>0xfff4</run_address>
         <size>0x2</size>
         <input_file_ref idref="fl-48"/>
      </object_component>
      <object_component id="oc-93">
         <name>.int59</name>
         <load_address>0xfff6</load_address>
         <run_address>0xfff6</run_address>
         <size>0x2</size>
         <input_file_ref idref="fl-49"/>
      </object_component>
      <object_component id="oc-94">
         <name>.int60</name>
         <load_address>0xfff8</load_address>
         <run_address>0xfff8</run_address>
         <size>0x2</size>
         <input_file_ref idref="fl-4a"/>
      </object_component>
      <object_component id="oc-95">
         <name>.int61</name>
         <load_address>0xfffa</load_address>
         <run_address>0xfffa</run_address>
         <size>0x2</size>
         <input_file_ref idref="fl-4b"/>
      </object_component>
      <object_component id="oc-96">
         <name>.int62</name>
         <load_address>0xfffc</load_address>
         <run_address>0xfffc</run_address>
         <size>0x2</size>
         <input_file_ref idref="fl-4c"/>
      </object_component>
      <object_component id="oc-419">
         <name>.reset</name>
         <load_address>0xfffe</load_address>
         <run_address>0xfffe</run_address>
         <size>0x2</size>
         <input_file_ref idref="fl-56"/>
      </object_component>
      <object_component id="oc-729">
         <name>.debug_info</name>
         <load_address>0x0</load_address>
         <run_address>0x0</run_address>
         <size>0x22c</size>
         <input_file_ref idref="fl-3"/>
      </object_component>
      <object_component id="oc-667">
         <name>.debug_info</name>
         <load_address>0x22c</load_address>
         <run_address>0x22c</run_address>
         <size>0x169</size>
         <input_file_ref idref="fl-3"/>
      </object_component>
      <object_component id="oc-54b">
         <name>.debug_info</name>
         <load_address>0x395</load_address>
         <run_address>0x395</run_address>
         <size>0x1d4</size>
         <input_file_ref idref="fl-3"/>
      </object_component>
      <object_component id="oc-545">
         <name>.debug_info</name>
         <load_address>0x569</load_address>
         <run_address>0x569</run_address>
         <size>0x1df</size>
         <input_file_ref idref="fl-3"/>
      </object_component>
      <object_component id="oc-4aa">
         <name>.debug_info</name>
         <load_address>0x748</load_address>
         <run_address>0x748</run_address>
         <size>0x290</size>
         <input_file_ref idref="fl-3"/>
      </object_component>
      <object_component id="oc-6f4">
         <name>.debug_info</name>
         <load_address>0x9d8</load_address>
         <run_address>0x9d8</run_address>
         <size>0x108</size>
         <input_file_ref idref="fl-3"/>
      </object_component>
      <object_component id="oc-5cf">
         <name>.debug_info</name>
         <load_address>0xae0</load_address>
         <run_address>0xae0</run_address>
         <size>0x178</size>
         <input_file_ref idref="fl-3"/>
      </object_component>
      <object_component id="oc-627">
         <name>.debug_info</name>
         <load_address>0xc58</load_address>
         <run_address>0xc58</run_address>
         <size>0x26b</size>
         <input_file_ref idref="fl-3"/>
      </object_component>
      <object_component id="oc-420">
         <name>.debug_info</name>
         <load_address>0xec3</load_address>
         <run_address>0xec3</run_address>
         <size>0x84</size>
         <input_file_ref idref="fl-3"/>
      </object_component>
      <object_component id="oc-620">
         <name>.debug_info</name>
         <load_address>0xf47</load_address>
         <run_address>0xf47</run_address>
         <size>0x282</size>
         <input_file_ref idref="fl-3"/>
      </object_component>
      <object_component id="oc-551">
         <name>.debug_info</name>
         <load_address>0x11c9</load_address>
         <run_address>0x11c9</run_address>
         <size>0x53</size>
         <input_file_ref idref="fl-3"/>
      </object_component>
      <object_component id="oc-513">
         <name>.debug_info</name>
         <load_address>0x121c</load_address>
         <run_address>0x121c</run_address>
         <size>0xbb</size>
         <input_file_ref idref="fl-4"/>
      </object_component>
      <object_component id="oc-674">
         <name>.debug_info</name>
         <load_address>0x12d7</load_address>
         <run_address>0x12d7</run_address>
         <size>0x1c7</size>
         <input_file_ref idref="fl-5"/>
      </object_component>
      <object_component id="oc-565">
         <name>.debug_info</name>
         <load_address>0x149e</load_address>
         <run_address>0x149e</run_address>
         <size>0xcf</size>
         <input_file_ref idref="fl-5"/>
      </object_component>
      <object_component id="oc-568">
         <name>.debug_info</name>
         <load_address>0x156d</load_address>
         <run_address>0x156d</run_address>
         <size>0xb7</size>
         <input_file_ref idref="fl-5"/>
      </object_component>
      <object_component id="oc-4c2">
         <name>.debug_info</name>
         <load_address>0x1624</load_address>
         <run_address>0x1624</run_address>
         <size>0xc1</size>
         <input_file_ref idref="fl-5"/>
      </object_component>
      <object_component id="oc-4b7">
         <name>.debug_info</name>
         <load_address>0x16e5</load_address>
         <run_address>0x16e5</run_address>
         <size>0x10e</size>
         <input_file_ref idref="fl-5"/>
      </object_component>
      <object_component id="oc-5d7">
         <name>.debug_info</name>
         <load_address>0x17f3</load_address>
         <run_address>0x17f3</run_address>
         <size>0xf7</size>
         <input_file_ref idref="fl-5"/>
      </object_component>
      <object_component id="oc-5dc">
         <name>.debug_info</name>
         <load_address>0x18ea</load_address>
         <run_address>0x18ea</run_address>
         <size>0xf7</size>
         <input_file_ref idref="fl-7"/>
      </object_component>
      <object_component id="oc-51a">
         <name>.debug_info</name>
         <load_address>0x19e1</load_address>
         <run_address>0x19e1</run_address>
         <size>0x5e7</size>
         <input_file_ref idref="fl-8"/>
      </object_component>
      <object_component id="oc-48f">
         <name>.debug_info</name>
         <load_address>0x1fc8</load_address>
         <run_address>0x1fc8</run_address>
         <size>0xb2</size>
         <input_file_ref idref="fl-8"/>
      </object_component>
      <object_component id="oc-48c">
         <name>.debug_info</name>
         <load_address>0x207a</load_address>
         <run_address>0x207a</run_address>
         <size>0x1f7</size>
         <input_file_ref idref="fl-8"/>
      </object_component>
      <object_component id="oc-4bd">
         <name>.debug_info</name>
         <load_address>0x2271</load_address>
         <run_address>0x2271</run_address>
         <size>0xf3</size>
         <input_file_ref idref="fl-8"/>
      </object_component>
      <object_component id="oc-5ca">
         <name>.debug_info</name>
         <load_address>0x2364</load_address>
         <run_address>0x2364</run_address>
         <size>0x101</size>
         <input_file_ref idref="fl-8"/>
      </object_component>
      <object_component id="oc-4ee">
         <name>.debug_info</name>
         <load_address>0x2465</load_address>
         <run_address>0x2465</run_address>
         <size>0x176</size>
         <input_file_ref idref="fl-8"/>
      </object_component>
      <object_component id="oc-68a">
         <name>.debug_info</name>
         <load_address>0x25db</load_address>
         <run_address>0x25db</run_address>
         <size>0x13c</size>
         <input_file_ref idref="fl-8"/>
      </object_component>
      <object_component id="oc-692">
         <name>.debug_info</name>
         <load_address>0x2717</load_address>
         <run_address>0x2717</run_address>
         <size>0x109</size>
         <input_file_ref idref="fl-8"/>
      </object_component>
      <object_component id="oc-43a">
         <name>.debug_info</name>
         <load_address>0x2820</load_address>
         <run_address>0x2820</run_address>
         <size>0x1655</size>
         <input_file_ref idref="fl-8"/>
      </object_component>
      <object_component id="oc-62c">
         <name>.debug_info</name>
         <load_address>0x3e75</load_address>
         <run_address>0x3e75</run_address>
         <size>0xd9</size>
         <input_file_ref idref="fl-8"/>
      </object_component>
      <object_component id="oc-6b1">
         <name>.debug_info</name>
         <load_address>0x3f4e</load_address>
         <run_address>0x3f4e</run_address>
         <size>0x2c</size>
         <input_file_ref idref="fl-8"/>
      </object_component>
      <object_component id="oc-7b7">
         <name>.debug_info</name>
         <load_address>0x3f7a</load_address>
         <run_address>0x3f7a</run_address>
         <size>0x175</size>
         <input_file_ref idref="fl-9"/>
      </object_component>
      <object_component id="oc-6ee">
         <name>.debug_info</name>
         <load_address>0x40ef</load_address>
         <run_address>0x40ef</run_address>
         <size>0x167</size>
         <input_file_ref idref="fl-9"/>
      </object_component>
      <object_component id="oc-5c4">
         <name>.debug_info</name>
         <load_address>0x4256</load_address>
         <run_address>0x4256</run_address>
         <size>0x14f</size>
         <input_file_ref idref="fl-9"/>
      </object_component>
      <object_component id="oc-5be">
         <name>.debug_info</name>
         <load_address>0x43a5</load_address>
         <run_address>0x43a5</run_address>
         <size>0x243</size>
         <input_file_ref idref="fl-2a"/>
      </object_component>
      <object_component id="oc-4d9">
         <name>.debug_info</name>
         <load_address>0x45e8</load_address>
         <run_address>0x45e8</run_address>
         <size>0xa0c</size>
         <input_file_ref idref="fl-2a"/>
      </object_component>
      <object_component id="oc-6e4">
         <name>.debug_info</name>
         <load_address>0x4ff4</load_address>
         <run_address>0x4ff4</run_address>
         <size>0x46</size>
         <input_file_ref idref="fl-2a"/>
      </object_component>
      <object_component id="oc-5b8">
         <name>.debug_info</name>
         <load_address>0x503a</load_address>
         <run_address>0x503a</run_address>
         <size>0x39</size>
         <input_file_ref idref="fl-2a"/>
      </object_component>
      <object_component id="oc-664">
         <name>.debug_info</name>
         <load_address>0x5073</load_address>
         <run_address>0x5073</run_address>
         <size>0x18d</size>
         <input_file_ref idref="fl-2b"/>
      </object_component>
      <object_component id="oc-53a">
         <name>.debug_info</name>
         <load_address>0x5200</load_address>
         <run_address>0x5200</run_address>
         <size>0x276</size>
         <input_file_ref idref="fl-2b"/>
      </object_component>
      <object_component id="oc-5b7">
         <name>.debug_info</name>
         <load_address>0x5476</load_address>
         <run_address>0x5476</run_address>
         <size>0x243</size>
         <input_file_ref idref="fl-2c"/>
      </object_component>
      <object_component id="oc-4d4">
         <name>.debug_info</name>
         <load_address>0x56b9</load_address>
         <run_address>0x56b9</run_address>
         <size>0xa63</size>
         <input_file_ref idref="fl-2c"/>
      </object_component>
      <object_component id="oc-591">
         <name>.debug_info</name>
         <load_address>0x611c</load_address>
         <run_address>0x611c</run_address>
         <size>0x2d6</size>
         <input_file_ref idref="fl-2d"/>
      </object_component>
      <object_component id="oc-587">
         <name>.debug_info</name>
         <load_address>0x63f2</load_address>
         <run_address>0x63f2</run_address>
         <size>0x162</size>
         <input_file_ref idref="fl-2d"/>
      </object_component>
      <object_component id="oc-581">
         <name>.debug_info</name>
         <load_address>0x6554</load_address>
         <run_address>0x6554</run_address>
         <size>0x166</size>
         <input_file_ref idref="fl-2d"/>
      </object_component>
      <object_component id="oc-4ce">
         <name>.debug_info</name>
         <load_address>0x66ba</load_address>
         <run_address>0x66ba</run_address>
         <size>0x184</size>
         <input_file_ref idref="fl-2d"/>
      </object_component>
      <object_component id="oc-6ac">
         <name>.debug_info</name>
         <load_address>0x683e</load_address>
         <run_address>0x683e</run_address>
         <size>0xb2</size>
         <input_file_ref idref="fl-2d"/>
      </object_component>
      <object_component id="oc-759">
         <name>.debug_info</name>
         <load_address>0x68f0</load_address>
         <run_address>0x68f0</run_address>
         <size>0x49d</size>
         <input_file_ref idref="fl-2e"/>
      </object_component>
      <object_component id="oc-77a">
         <name>.debug_info</name>
         <load_address>0x6d8d</load_address>
         <run_address>0x6d8d</run_address>
         <size>0x25a</size>
         <input_file_ref idref="fl-2e"/>
      </object_component>
      <object_component id="oc-85f">
         <name>.debug_info</name>
         <load_address>0x6fe7</load_address>
         <run_address>0x6fe7</run_address>
         <size>0x1df</size>
         <input_file_ref idref="fl-2e"/>
      </object_component>
      <object_component id="oc-865">
         <name>.debug_info</name>
         <load_address>0x71c6</load_address>
         <run_address>0x71c6</run_address>
         <size>0x2c9</size>
         <input_file_ref idref="fl-2e"/>
      </object_component>
      <object_component id="oc-81b">
         <name>.debug_info</name>
         <load_address>0x748f</load_address>
         <run_address>0x748f</run_address>
         <size>0x29c</size>
         <input_file_ref idref="fl-2e"/>
      </object_component>
      <object_component id="oc-8b1">
         <name>.debug_info</name>
         <load_address>0x772b</load_address>
         <run_address>0x772b</run_address>
         <size>0x3e2</size>
         <input_file_ref idref="fl-2e"/>
      </object_component>
      <object_component id="oc-8b7">
         <name>.debug_info</name>
         <load_address>0x7b0d</load_address>
         <run_address>0x7b0d</run_address>
         <size>0x1dc</size>
         <input_file_ref idref="fl-2e"/>
      </object_component>
      <object_component id="oc-8bd">
         <name>.debug_info</name>
         <load_address>0x7ce9</load_address>
         <run_address>0x7ce9</run_address>
         <size>0x227</size>
         <input_file_ref idref="fl-2e"/>
      </object_component>
      <object_component id="oc-872">
         <name>.debug_info</name>
         <load_address>0x7f10</load_address>
         <run_address>0x7f10</run_address>
         <size>0x28a</size>
         <input_file_ref idref="fl-2e"/>
      </object_component>
      <object_component id="oc-8c4">
         <name>.debug_info</name>
         <load_address>0x819a</load_address>
         <run_address>0x819a</run_address>
         <size>0x3fe</size>
[...]
         <value>0xffe6</value>
         <object_component_ref idref="oc-8b"/>
      </symbol>
      <symbol id="sm-882">
         <name>__TI_int52</name>
         <value>0xffe8</value>
         <object_component_ref idref="oc-8c"/>
      </symbol>
      <symbol id="sm-885">
         <name>__TI_int53</name>
         <value>0xffea</value>
         <object_component_ref idref="oc-8d"/>
      </symbol>
      <symbol id="sm-888">
         <name>__TI_int54</name>
         <value>0xffec</value>
         <object_component_ref idref="oc-8e"/>
      </symbol>
      <symbol id="sm-88b">
         <name>__TI_int55</name>
         <value>0xffee</value>
         <object_component_ref idref="oc-8f"/>
      </symbol>
      <symbol id="sm-88e">
         <name>__TI_int57</name>
         <value>0xfff2</value>
         <object_component_ref idref="oc-91"/>
      </symbol>
      <symbol id="sm-891">
         <name>__TI_int58</name>
         <value>0xfff4</value>
         <object_component_ref idref="oc-92"/>
      </symbol>
      <symbol id="sm-894">
         <name>__TI_int59</name>
         <value>0xfff6</value>
         <object_component_ref idref="oc-93"/>
      </symbol>
      <symbol id="sm-897">
         <name>__TI_int60</name>
         <value>0xfff8</value>
         <object_component_ref idref="oc-94"/>
      </symbol>
      <symbol id="sm-89a">
         <name>__TI_int61</name>
         <value>0xfffa</value>
         <object_component_ref idref="oc-95"/>
      </symbol>
      <symbol id="sm-89d">
         <name>__TI_int62</name>
         <value>0xfffc</value>
         <object_component_ref idref="oc-96"/>
      </symbol>
      <symbol id="sm-8a5">
         <name>__TI_ISR_TRAP</name>
         <value>0xa166</value>
         <object_component_ref idref="oc-432"/>
      </symbol>
      <symbol id="sm-8b5">
         <name>__mspabi_slll_9</name>
         <value>0x164c4</value>
         <object_component_ref idref="oc-56e"/>
      </symbol>
      <symbol id="sm-8b6">
         <name>__mspabi_slll_8</name>
         <value>0x164c8</value>
         <object_component_ref idref="oc-56e"/>
      </symbol>
      <symbol id="sm-8b7">
         <name>__mspabi_slll_7</name>
         <value>0x164cc</value>
         <object_component_ref idref="oc-56e"/>
      </symbol>
      <symbol id="sm-8b8">
         <name>__mspabi_slll_6</name>
         <value>0x164d0</value>
         <object_component_ref idref="oc-56e"/>
      </symbol>
      <symbol id="sm-8b9">
         <name>__mspabi_slll_5</name>
         <value>0x164d4</value>
         <object_component_ref idref="oc-56e"/>
      </symbol>
      <symbol id="sm-8ba">
         <name>__mspabi_slll_4</name>
         <value>0x164d8</value>
         <object_component_ref idref="oc-56e"/>
      </symbol>
      <symbol id="sm-8bb">
         <name>__mspabi_slll_3</name>
         <value>0x164dc</value>
         <object_component_ref idref="oc-56e"/>
      </symbol>
      <symbol id="sm-8bc">
         <name>__mspabi_slll_2</name>
         <value>0x164e0</value>
         <object_component_ref idref="oc-56e"/>
      </symbol>
      <symbol id="sm-8bd">
         <name>__mspabi_slll_1</name>
         <value>0x164e4</value>
         <object_component_ref idref="oc-56e"/>
      </symbol>
      <symbol id="sm-8be">
         <name>__mspabi_slll</name>
         <value>0x16876</value>
         <object_component_ref idref="oc-6d0"/>
      </symbol>
      <symbol id="sm-8bf">
         <name>__mspabi_slll_15</name>
         <value>0x164ac</value>
         <object_component_ref idref="oc-56e"/>
      </symbol>
      <symbol id="sm-8c0">
         <name>__mspabi_slll_14</name>
         <value>0x164b0</value>
         <object_component_ref idref="oc-56e"/>
      </symbol>
      <symbol id="sm-8c1">
         <name>__mspabi_slll_13</name>
         <value>0x164b4</value>
         <object_component_ref idref="oc-56e"/>
      </symbol>
      <symbol id="sm-8c2">
         <name>__mspabi_slll_12</name>
         <value>0x164b8</value>
         <object_component_ref idref="oc-56e"/>
      </symbol>
      <symbol id="sm-8c3">
         <name>__mspabi_slll_11</name>
         <value>0x164bc</value>
         <object_component_ref idref="oc-56e"/>
      </symbol>
      <symbol id="sm-8c4">
         <name>__mspabi_slll_10</name>
         <value>0x164c0</value>
         <object_component_ref idref="oc-56e"/>
      </symbol>
      <symbol id="sm-8d4">
         <name>__mspabi_srll_8</name>
         <value>0x16506</value>
         <object_component_ref idref="oc-573"/>
      </symbol>
      <symbol id="sm-8d5">
         <name>__mspabi_srll_9</name>
         <value>0x16502</value>
         <object_component_ref idref="oc-573"/>
      </symbol>
      <symbol id="sm-8d6">
         <name>__mspabi_srll_6</name>
         <value>0x1650e</value>
         <object_component_ref idref="oc-573"/>
      </symbol>
      <symbol id="sm-8d7">
         <name>__mspabi_srll_7</name>
         <value>0x1650a</value>
         <object_component_ref idref="oc-573"/>
      </symbol>
      <symbol id="sm-8d8">
         <name>__mspabi_srll_4</name>
         <value>0x16516</value>
         <object_component_ref idref="oc-573"/>
      </symbol>
      <symbol id="sm-8d9">
         <name>__mspabi_srll_5</name>
         <value>0x16512</value>
         <object_component_ref idref="oc-573"/>
      </symbol>
      <symbol id="sm-8da">
         <name>__mspabi_srll_2</name>
         <value>0x1651e</value>
         <object_component_ref idref="oc-573"/>
      </symbol>
      <symbol id="sm-8db">
         <name>__mspabi_srll_3</name>
         <value>0x1651a</value>
         <object_component_ref idref="oc-573"/>
      </symbol>
      <symbol id="sm-8dc">
         <name>__mspabi_srll_1</name>
         <value>0x16522</value>
         <object_component_ref idref="oc-573"/>
      </symbol>
      <symbol id="sm-8dd">
         <name>__mspabi_srll_15</name>
         <value>0x164ea</value>
         <object_component_ref idref="oc-573"/>
      </symbol>
      <symbol id="sm-8de">
         <name>__mspabi_srll_14</name>
         <value>0x164ee</value>
         <object_component_ref idref="oc-573"/>
      </symbol>
      <symbol id="sm-8df">
         <name>__mspabi_srll_13</name>
         <value>0x164f2</value>
         <object_component_ref idref="oc-573"/>
      </symbol>
      <symbol id="sm-8e0">
         <name>__mspabi_srll_12</name>
         <value>0x164f6</value>
         <object_component_ref idref="oc-573"/>
      </symbol>
      <symbol id="sm-8e1">
         <name>__mspabi_srll_11</name>
         <value>0x164fa</value>
         <object_component_ref idref="oc-573"/>
      </symbol>
      <symbol id="sm-8e2">
         <name>__mspabi_srll_10</name>
         <value>0x164fe</value>
         <object_component_ref idref="oc-573"/>
      </symbol>
      <symbol id="sm-8e3">
         <name>__mspabi_srll</name>
         <value>0x16886</value>
         <object_component_ref idref="oc-657"/>
      </symbol>
      <symbol id="sm-8ec">
         <name>__mspabi_mpyi_f5hw</name>
         <value>0x167ac</value>
         <object_component_ref idref="oc-64e"/>
      </symbol>
      <symbol id="sm-8f5">
         <name>__mspabi_mpyl_f5hw</name>
         <value>0x1672c</value>
         <object_component_ref idref="oc-644"/>
      </symbol>
      <symbol id="sm-8fd">
         <name>__mspabi_mpyull_f5hw</name>
         <value>0x16660</value>
         <object_component_ref idref="oc-636"/>
      </symbol>
      <symbol id="sm-905">
         <name>__mspabi_mpyll_f5hw</name>
         <value>0x16168</value>
         <object_component_ref idref="oc-631"/>
      </symbol>
      <symbol id="sm-915">
         <name>_stack</name>
         <value>0x6360</value>
         <object_component_ref idref="oc-416"/>
      </symbol>
      <symbol id="sm-916">
         <name>_c_int00_noargs</name>
         <value>0xa14a</value>
         <object_component_ref idref="oc-44f"/>
      </symbol>
      <symbol id="sm-917">
         <name>_reset_vector</name>
         <value>0xfffe</value>
         <object_component_ref idref="oc-419"/>
      </symbol>
      <symbol id="sm-93a">
         <name>__TI_auto_init_nobinit_nopinit_hold_wdt</name>
         <value>0x162c4</value>
         <object_component_ref idref="oc-605"/>
      </symbol>
      <symbol id="sm-94f">
         <name>__mspabi_srlll</name>
         <value>0x16562</value>
         <object_component_ref idref="oc-63b"/>
      </symbol>
      <symbol id="sm-982">
         <name>__mspabi_divull</name>
         <value>0x12af0</value>
         <object_component_ref idref="oc-898"/>
      </symbol>
      <symbol id="sm-98b">
         <name>_system_pre_init</name>
         <value>0x168e0</value>
         <object_component_ref idref="oc-4e6"/>
      </symbol>
      <symbol id="sm-994">
         <name>_system_post_cinit</name>
         <value>0x168e6</value>
         <object_component_ref idref="oc-708"/>
      </symbol>
      <symbol id="sm-9a5">
         <name>__TI_decompress_none</name>
         <value>0x16842</value>
         <object_component_ref idref="oc-77"/>
      </symbol>
      <symbol id="sm-9c8">
         <name>__TI_decompress_lzss</name>
         <value>0x15f62</value>
         <object_component_ref idref="oc-71"/>
      </symbol>
      <symbol id="sm-a02">
         <name>__mspabi_addd</name>
         <value>0x11f60</value>
         <object_component_ref idref="oc-4af"/>
      </symbol>
      <symbol id="sm-a21">
         <name>__mspabi_cmpd</name>
         <value>0x1569a</value>
         <object_component_ref idref="oc-497"/>
      </symbol>
      <symbol id="sm-a42">
         <name>__mspabi_divd</name>
         <value>0x13f8e</value>
         <object_component_ref idref="oc-4a3"/>
      </symbol>
      <symbol id="sm-a4f">
         <name>__mspabi_fixdi</name>
         <value>0x166b8</value>
         <object_component_ref idref="oc-592"/>
      </symbol>
      <symbol id="sm-a5e">
         <name>__mspabi_fixdli</name>
         <value>0x16040</value>
         <object_component_ref idref="oc-59e"/>
      </symbol>
      <symbol id="sm-a69">
         <name>__mspabi_fixdu</name>
         <value>0x16830</value>
         <object_component_ref idref="oc-53e"/>
      </symbol>
      <symbol id="sm-a79">
         <name>__mspabi_fixdul</name>
         <value>0x15fd8</value>
         <object_component_ref idref="oc-532"/>
      </symbol>
      <symbol id="sm-a82">
         <name>__mspabi_fltid</name>
         <value>0x168a4</value>
         <object_component_ref idref="oc-902"/>
      </symbol>
      <symbol id="sm-a9a">
         <name>__mspabi_fltlid</name>
         <value>0x15af6</value>
         <object_component_ref idref="oc-4c4"/>
      </symbol>
      <symbol id="sm-ab5">
         <name>__TI_frcdivd</name>
         <value>0x1268a</value>
         <object_component_ref idref="oc-52a"/>
      </symbol>
      <symbol id="sm-adb">
         <name>__mspabi_mpyd</name>
         <value>0x1338c</value>
         <object_component_ref idref="oc-49d"/>
      </symbol>
      <symbol id="sm-ae4">
         <name>__mspabi_negd</name>
         <value>0x16604</value>
         <object_component_ref idref="oc-5aa"/>
      </symbol>
      <symbol id="sm-aed">
         <name>__mspabi_subd</name>
         <value>0x165d2</value>
         <object_component_ref idref="oc-491"/>
      </symbol>
      <symbol id="sm-af7">
         <name>C$$EXIT</name>
         <value>0x168d6</value>
         <object_component_ref idref="oc-5e1"/>
      </symbol>
      <symbol id="sm-af8">
         <name>abort</name>
         <value>0x168d6</value>
         <object_component_ref idref="oc-5e1"/>
      </symbol>
      <symbol id="sm-b0e">
         <name>_nop</name>
         <value>0x168e4</value>
         <object_component_ref idref="oc-67b"/>
      </symbol>
      <symbol id="sm-b0f">
         <name>_lock</name>
         <value>0x255a</value>
         <object_component_ref idref="oc-57a"/>
      </symbol>
      <symbol id="sm-b10">
         <name>_unlock</name>
         <value>0x255e</value>
         <object_component_ref idref="oc-58d"/>
      </symbol>
      <symbol id="sm-b1f">
         <name>__TI_ltoa</name>
         <value>0x15e6a</value>
         <object_component_ref idref="oc-8e9"/>
      </symbol>
      <symbol id="sm-b33">
         <name>atoi</name>
         <value>0x160a6</value>
         <object_component_ref idref="oc-802"/>
      </symbol>
      <symbol id="sm-b3d">
         <name>_ctypes_</name>
         <value>0xa276</value>
         <object_component_ref idref="oc-844"/>
      </symbol>
      <symbol id="sm-b48">
         <name>_ftable</name>
         <value>0x2400</value>
         <object_component_ref idref="oc-57d"/>
      </symbol>
      <symbol id="sm-b57">
         <name>memccpy</name>
         <value>0x16706</value>
         <object_component_ref idref="oc-7ee"/>
      </symbol>
      <symbol id="sm-b65">
         <name>memcpy</name>
         <value>0x1681c</value>
         <object_component_ref idref="oc-425"/>
      </symbol>
      <symbol id="sm-b73">
         <name>memset</name>
         <value>0x167c4</value>
         <object_component_ref idref="oc-7e1"/>
      </symbol>
      <symbol id="sm-b82">
         <name>strchr</name>
         <value>0x16790</value>
         <object_component_ref idref="oc-8fc"/>
      </symbol>
      <symbol id="sm-b8f">
         <name>strlen</name>
         <value>0x16896</value>
         <object_component_ref idref="oc-744"/>
      </symbol>
      <symbol id="sm-b9c">
         <name>toupper</name>
         <value>0x16854</value>
         <object_component_ref idref="oc-86a"/>
      </symbol>
      <symbol id="sm-c2a">
         <name>__kernel_rem_pio2</name>
         <value>0x10000</value>
         <object_component_ref idref="oc-5a4"/>
      </symbol>
      <symbol id="sm-c31">
         <name>errno</name>
         <value>0x2562</value>
         <object_component_ref idref="oc-79d"/>
      </symbol>
      <symbol id="sm-c3b">
         <name>abs</name>
         <value>0x168bc</value>
         <object_component_ref idref="oc-8f0"/>
      </symbol>
      <symbol id="sm-c53">
         <name>wcslen</name>
         <value>0x16806</value>
         <object_component_ref idref="oc-811"/>
      </symbol>
      <symbol id="sm-c64">
         <name>__kernel_cos</name>
         <value>0x13b06</value>
         <object_component_ref idref="oc-5b0"/>
      </symbol>
      <symbol id="sm-c77">
         <name>__kernel_sin</name>
         <value>0x12e3e</value>
         <object_component_ref idref="oc-598"/>
      </symbol>
      <symbol id="sm-c97">
         <name>floorl</name>
         <value>0x1476a</value>
         <object_component_ref idref="oc-65d"/>
      </symbol>
      <symbol id="sm-c98">
         <name>floor</name>
         <value>0x1476a</value>
         <object_component_ref idref="oc-65d"/>
      </symbol>
      <symbol id="sm-caa">
         <name>frexpl</name>
         <value>0x15a50</value>
         <object_component_ref idref="oc-8d0"/>
      </symbol>
      <symbol id="sm-cab">
         <name>frexp</name>
         <value>0x15a50</value>
         <object_component_ref idref="oc-8d0"/>
      </symbol>
      <symbol id="sm-cc4">
         <name>scalbn</name>
         <value>0x14efe</value>
         <object_component_ref idref="oc-6c5"/>
      </symbol>
      <symbol id="sm-cc5">
         <name>scalbnl</name>
         <value>0x14efe</value>
         <object_component_ref idref="oc-6c5"/>
      </symbol>
      <symbol id="sm-cc6">
         <name>ldexpl</name>
         <value>0x14efe</value>
         <object_component_ref idref="oc-6c5"/>
      </symbol>
      <symbol id="sm-cc7">
         <name>ldexp</name>
         <value>0x14efe</value>
         <object_component_ref idref="oc-6c5"/>
      </symbol>
      <symbol id="sm-cd7">
         <name>__mspabi_sral</name>
         <value>0x16866</value>
         <object_component_ref idref="oc-6cb"/>
      </symbol>
      <symbol id="sm-cd8">
         <name>__mspabi_sral_15</name>
         <value>0x1646e</value>
         <object_component_ref idref="oc-649"/>
      </symbol>
      <symbol id="sm-cd9">
         <name>__mspabi_sral_14</name>
         <value>0x16472</value>
         <object_component_ref idref="oc-649"/>
      </symbol>
      <symbol id="sm-cda">
         <name>__mspabi_sral_13</name>
         <value>0x16476</value>
         <object_component_ref idref="oc-649"/>
      </symbol>
      <symbol id="sm-cdb">
         <name>__mspabi_sral_12</name>
         <value>0x1647a</value>
         <object_component_ref idref="oc-649"/>
      </symbol>
      <symbol id="sm-cdc">
         <name>__mspabi_sral_11</name>
         <value>0x1647e</value>
         <object_component_ref idref="oc-649"/>
      </symbol>
      <symbol id="sm-cdd">
         <name>__mspabi_sral_10</name>
         <value>0x16482</value>
         <object_component_ref idref="oc-649"/>
      </symbol>
      <symbol id="sm-cde">
         <name>__mspabi_sral_8</name>
         <value>0x1648a</value>
         <object_component_ref idref="oc-649"/>
      </symbol>
      <symbol id="sm-cdf">
         <name>__mspabi_sral_9</name>
         <value>0x16486</value>
         <object_component_ref idref="oc-649"/>
      </symbol>
      <symbol id="sm-ce0">
         <name>__mspabi_sral_6</name>
         <value>0x16492</value>
         <object_component_ref idref="oc-649"/>
      </symbol>
      <symbol id="sm-ce1">
         <name>__mspabi_sral_7</name>
         <value>0x1648e</value>
         <object_component_ref idref="oc-649"/>
      </symbol>
      <symbol id="sm-ce2">
         <name>__mspabi_sral_4</name>
         <value>0x1649a</value>
         <object_component_ref idref="oc-649"/>
      </symbol>
      <symbol id="sm-ce3">
         <name>__mspabi_sral_5</name>
         <value>0x16496</value>
         <object_component_ref idref="oc-649"/>
      </symbol>
      <symbol id="sm-ce4">
         <name>__mspabi_sral_2</name>
         <value>0x164a2</value>
         <object_component_ref idref="oc-649"/>
      </symbol>
      <symbol id="sm-ce5">
         <name>__mspabi_sral_3</name>
         <value>0x1649e</value>
         <object_component_ref idref="oc-649"/>
      </symbol>
      <symbol id="sm-ce6">
         <name>__mspabi_sral_1</name>
         <value>0x164a6</value>
         <object_component_ref idref="oc-649"/>
      </symbol>
      <symbol id="sm-cf2">
         <name>__mspabi_remi</name>
         <value>0x1668c</value>
         <object_component_ref idref="oc-6bd"/>
      </symbol>
      <symbol id="sm-cf3">
         <name>__mspabi_divi</name>
         <value>0x1668c</value>
         <object_component_ref idref="oc-6bd"/>
      </symbol>
      <symbol id="sm-cff">
         <name>__mspabi_remli</name>
         <value>0x163f0</value>
         <object_component_ref idref="oc-90b"/>
      </symbol>
      <symbol id="sm-d00">
         <name>__mspabi_divli</name>
         <value>0x163f0</value>
         <object_component_ref idref="oc-90b"/>
      </symbol>
      <symbol id="sm-d09">
         <name>__mspabi_slli</name>
         <value>0x168c6</value>
         <object_component_ref idref="oc-733"/>
      </symbol>
      <symbol id="sm-d18">
         <name>__mspabi_srall</name>
         <value>0x163b0</value>
         <object_component_ref idref="oc-556"/>
      </symbol>
      <symbol id="sm-d25">
         <name>__mspabi_sllll</name>
         <value>0x16528</value>
         <object_component_ref idref="oc-55c"/>
      </symbol>
      <symbol id="sm-d30">
         <name>__TI_frcmpyd</name>
         <value>0x14c40</value>
         <object_component_ref idref="oc-522"/>
      </symbol>
      <symbol id="sm-d39">
         <name>copysign</name>
         <value>0x16632</value>
         <object_component_ref idref="oc-7a0"/>
      </symbol>
      <symbol id="sm-d3a">
         <name>copysignl</name>
         <value>0x16632</value>
         <object_component_ref idref="oc-7a0"/>
      </symbol>
   </symbol_table>
   <title>Link successful</title>
</link_info>
